Archive member included because of file (symbol)

C:\Users\roney\Documents\LPCXpresso_7.3.0_186\workspace_CMSIS_teste2\CMSISv2p00_LPC17xx\Debug\libCMSISv2p00_LPC17xx.a(system_LPC17xx.o)
                              ./src/cr_startup_lpc176x.o (SystemInit)
c:/nxp/lpcxpresso_7.3.0_186/lpcxpresso/tools/bin/../lib/gcc/arm-none-eabi/4.8.4/../../../../arm-none-eabi/lib/armv7-m\libcr_c.a(__weak__main.o)
                              ./src/cr_startup_lpc176x.o (__main)
c:/nxp/lpcxpresso_7.3.0_186/lpcxpresso/tools/bin/../lib/gcc/arm-none-eabi/4.8.4/armv7-m\libcr_eabihelpers.a(division_64.o)
                              C:\Users\roney\Documents\LPCXpresso_7.3.0_186\workspace_CMSIS_teste2\CMSISv2p00_LPC17xx\Debug\libCMSISv2p00_LPC17xx.a(system_LPC17xx.o) (__aeabi_uldivmod)
c:/nxp/lpcxpresso_7.3.0_186/lpcxpresso/tools/bin/../lib/gcc/arm-none-eabi/4.8.4/armv7-m\libcr_eabihelpers.a(division_idiv0.o)
                              c:/nxp/lpcxpresso_7.3.0_186/lpcxpresso/tools/bin/../lib/gcc/arm-none-eabi/4.8.4/armv7-m\libcr_eabihelpers.a(division_64.o) (__aeabi_idiv0)

Discarded input sections

 .group         0x00000000        0x8 ./src/cr_startup_lpc176x.o
 .group         0x00000000        0x8 ./src/cr_startup_lpc176x.o
 .group         0x00000000        0x8 ./src/cr_startup_lpc176x.o
 .group         0x00000000        0x8 ./src/cr_startup_lpc176x.o
 .text          0x00000000        0x0 ./src/cr_startup_lpc176x.o
 .data          0x00000000        0x0 ./src/cr_startup_lpc176x.o
 .bss           0x00000000        0x0 ./src/cr_startup_lpc176x.o
 .group         0x00000000        0x8 ./src/leds.o
 .group         0x00000000        0x8 ./src/leds.o
 .group         0x00000000        0x8 ./src/leds.o
 .group         0x00000000        0x8 ./src/leds.o
 .group         0x00000000        0x8 ./src/leds.o
 .group         0x00000000        0x8 ./src/leds.o
 .group         0x00000000        0x8 ./src/leds.o
 .group         0x00000000        0x8 ./src/leds.o
 .group         0x00000000        0x8 ./src/leds.o
 .text          0x00000000        0x0 ./src/leds.o
 .data          0x00000000        0x0 ./src/leds.o
 .bss           0x00000000        0x0 ./src/leds.o
 .text.led2_on  0x00000000       0x10 ./src/leds.o
 .text.led2_off
                0x00000000       0x10 ./src/leds.o
 .debug_macro   0x00000000       0x10 ./src/leds.o
 .debug_macro   0x00000000      0x122 ./src/leds.o
 .debug_macro   0x00000000      0x5b9 ./src/leds.o
 .group         0x00000000        0x8 ./src/timer.o
 .group         0x00000000        0x8 ./src/timer.o
 .group         0x00000000        0x8 ./src/timer.o
 .group         0x00000000        0x8 ./src/timer.o
 .group         0x00000000        0x8 ./src/timer.o
 .group         0x00000000        0x8 ./src/timer.o
 .group         0x00000000        0x8 ./src/timer.o
 .group         0x00000000        0x8 ./src/timer.o
 .group         0x00000000        0x8 ./src/timer.o
 .text          0x00000000        0x0 ./src/timer.o
 .data          0x00000000        0x0 ./src/timer.o
 .bss           0x00000000        0x0 ./src/timer.o
 .text.disable_timer
                0x00000000       0x3c ./src/timer.o
 .text.reset_timer
                0x00000000       0x4c ./src/timer.o
 .debug_macro   0x00000000      0x856 ./src/timer.o
 .debug_macro   0x00000000       0x1c ./src/timer.o
 .debug_macro   0x00000000       0x2e ./src/timer.o
 .debug_macro   0x00000000       0x10 ./src/timer.o
 .debug_macro   0x00000000      0x122 ./src/timer.o
 .debug_macro   0x00000000      0x5b9 ./src/timer.o
 .debug_macro   0x00000000       0x18 ./src/timer.o
 .debug_macro   0x00000000      0x7af ./src/timer.o
 .debug_macro   0x00000000      0x2c7 ./src/timer.o
 .group         0x00000000        0x8 ./src/timer_irq.o
 .group         0x00000000        0x8 ./src/timer_irq.o
 .group         0x00000000        0x8 ./src/timer_irq.o
 .group         0x00000000        0x8 ./src/timer_irq.o
 .group         0x00000000        0x8 ./src/timer_irq.o
 .group         0x00000000        0x8 ./src/timer_irq.o
 .group         0x00000000        0x8 ./src/timer_irq.o
 .group         0x00000000        0x8 ./src/timer_irq.o
 .group         0x00000000        0x8 ./src/timer_irq.o
 .text          0x00000000        0x0 ./src/timer_irq.o
 .data          0x00000000        0x0 ./src/timer_irq.o
 .bss           0x00000000        0x0 ./src/timer_irq.o
 .debug_macro   0x00000000      0x856 ./src/timer_irq.o
 .debug_macro   0x00000000       0x1c ./src/timer_irq.o
 .debug_macro   0x00000000       0x2e ./src/timer_irq.o
 .debug_macro   0x00000000       0x10 ./src/timer_irq.o
 .debug_macro   0x00000000      0x122 ./src/timer_irq.o
 .debug_macro   0x00000000      0x5b9 ./src/timer_irq.o
 .debug_macro   0x00000000       0x18 ./src/timer_irq.o
 .debug_macro   0x00000000      0x7af ./src/timer_irq.o
 .debug_macro   0x00000000      0x2c7 ./src/timer_irq.o
 .group         0x00000000        0x8 ./src/timer_main.o
 .group         0x00000000        0x8 ./src/timer_main.o
 .group         0x00000000        0x8 ./src/timer_main.o
 .group         0x00000000        0x8 ./src/timer_main.o
 .group         0x00000000        0x8 ./src/timer_main.o
 .group         0x00000000        0x8 ./src/timer_main.o
 .group         0x00000000        0x8 ./src/timer_main.o
 .group         0x00000000        0x8 ./src/timer_main.o
 .group         0x00000000        0x8 ./src/timer_main.o
 .group         0x00000000        0x8 ./src/timer_main.o
 .group         0x00000000        0x8 ./src/timer_main.o
 .text          0x00000000        0x0 ./src/timer_main.o
 .data          0x00000000        0x0 ./src/timer_main.o
 .bss           0x00000000        0x0 ./src/timer_main.o
 .debug_macro   0x00000000      0x856 ./src/timer_main.o
 .debug_macro   0x00000000       0x1c ./src/timer_main.o
 .debug_macro   0x00000000       0x2e ./src/timer_main.o
 .debug_macro   0x00000000       0x10 ./src/timer_main.o
 .debug_macro   0x00000000      0x122 ./src/timer_main.o
 .debug_macro   0x00000000      0x5b9 ./src/timer_main.o
 .debug_macro   0x00000000       0x18 ./src/timer_main.o
 .debug_macro   0x00000000      0x7af ./src/timer_main.o
 .debug_macro   0x00000000      0x2c7 ./src/timer_main.o
 .group         0x00000000        0x8 C:\Users\roney\Documents\LPCXpresso_7.3.0_186\workspace_CMSIS_teste2\CMSISv2p00_LPC17xx\Debug\libCMSISv2p00_LPC17xx.a(system_LPC17xx.o)
 .group         0x00000000        0x8 C:\Users\roney\Documents\LPCXpresso_7.3.0_186\workspace_CMSIS_teste2\CMSISv2p00_LPC17xx\Debug\libCMSISv2p00_LPC17xx.a(system_LPC17xx.o)
 .group         0x00000000        0x8 C:\Users\roney\Documents\LPCXpresso_7.3.0_186\workspace_CMSIS_teste2\CMSISv2p00_LPC17xx\Debug\libCMSISv2p00_LPC17xx.a(system_LPC17xx.o)
 .group         0x00000000        0x8 C:\Users\roney\Documents\LPCXpresso_7.3.0_186\workspace_CMSIS_teste2\CMSISv2p00_LPC17xx\Debug\libCMSISv2p00_LPC17xx.a(system_LPC17xx.o)
 .group         0x00000000        0x8 C:\Users\roney\Documents\LPCXpresso_7.3.0_186\workspace_CMSIS_teste2\CMSISv2p00_LPC17xx\Debug\libCMSISv2p00_LPC17xx.a(system_LPC17xx.o)
 .group         0x00000000        0x8 C:\Users\roney\Documents\LPCXpresso_7.3.0_186\workspace_CMSIS_teste2\CMSISv2p00_LPC17xx\Debug\libCMSISv2p00_LPC17xx.a(system_LPC17xx.o)
 .group         0x00000000        0x8 C:\Users\roney\Documents\LPCXpresso_7.3.0_186\workspace_CMSIS_teste2\CMSISv2p00_LPC17xx\Debug\libCMSISv2p00_LPC17xx.a(system_LPC17xx.o)
 .group         0x00000000        0x8 C:\Users\roney\Documents\LPCXpresso_7.3.0_186\workspace_CMSIS_teste2\CMSISv2p00_LPC17xx\Debug\libCMSISv2p00_LPC17xx.a(system_LPC17xx.o)
 .group         0x00000000        0x8 C:\Users\roney\Documents\LPCXpresso_7.3.0_186\workspace_CMSIS_teste2\CMSISv2p00_LPC17xx\Debug\libCMSISv2p00_LPC17xx.a(system_LPC17xx.o)
 .text          0x00000000        0x0 C:\Users\roney\Documents\LPCXpresso_7.3.0_186\workspace_CMSIS_teste2\CMSISv2p00_LPC17xx\Debug\libCMSISv2p00_LPC17xx.a(system_LPC17xx.o)
 .data          0x00000000        0x0 C:\Users\roney\Documents\LPCXpresso_7.3.0_186\workspace_CMSIS_teste2\CMSISv2p00_LPC17xx\Debug\libCMSISv2p00_LPC17xx.a(system_LPC17xx.o)
 .bss           0x00000000        0x0 C:\Users\roney\Documents\LPCXpresso_7.3.0_186\workspace_CMSIS_teste2\CMSISv2p00_LPC17xx\Debug\libCMSISv2p00_LPC17xx.a(system_LPC17xx.o)
 .text.SystemCoreClockUpdate
                0x00000000       0xb0 C:\Users\roney\Documents\LPCXpresso_7.3.0_186\workspace_CMSIS_teste2\CMSISv2p00_LPC17xx\Debug\libCMSISv2p00_LPC17xx.a(system_LPC17xx.o)
 .debug_macro   0x00000000       0x10 C:\Users\roney\Documents\LPCXpresso_7.3.0_186\workspace_CMSIS_teste2\CMSISv2p00_LPC17xx\Debug\libCMSISv2p00_LPC17xx.a(system_LPC17xx.o)
 .debug_macro   0x00000000      0x122 C:\Users\roney\Documents\LPCXpresso_7.3.0_186\workspace_CMSIS_teste2\CMSISv2p00_LPC17xx\Debug\libCMSISv2p00_LPC17xx.a(system_LPC17xx.o)
 .debug_macro   0x00000000      0x5b9 C:\Users\roney\Documents\LPCXpresso_7.3.0_186\workspace_CMSIS_teste2\CMSISv2p00_LPC17xx\Debug\libCMSISv2p00_LPC17xx.a(system_LPC17xx.o)
 .debug_macro   0x00000000       0x1c C:\Users\roney\Documents\LPCXpresso_7.3.0_186\workspace_CMSIS_teste2\CMSISv2p00_LPC17xx\Debug\libCMSISv2p00_LPC17xx.a(system_LPC17xx.o)
 .debug_macro   0x00000000       0x2e C:\Users\roney\Documents\LPCXpresso_7.3.0_186\workspace_CMSIS_teste2\CMSISv2p00_LPC17xx\Debug\libCMSISv2p00_LPC17xx.a(system_LPC17xx.o)
 .debug_macro   0x00000000       0x18 C:\Users\roney\Documents\LPCXpresso_7.3.0_186\workspace_CMSIS_teste2\CMSISv2p00_LPC17xx\Debug\libCMSISv2p00_LPC17xx.a(system_LPC17xx.o)
 .debug_macro   0x00000000      0x7af C:\Users\roney\Documents\LPCXpresso_7.3.0_186\workspace_CMSIS_teste2\CMSISv2p00_LPC17xx\Debug\libCMSISv2p00_LPC17xx.a(system_LPC17xx.o)
 .debug_macro   0x00000000      0x2c7 C:\Users\roney\Documents\LPCXpresso_7.3.0_186\workspace_CMSIS_teste2\CMSISv2p00_LPC17xx\Debug\libCMSISv2p00_LPC17xx.a(system_LPC17xx.o)
 .text          0x00000000        0x0 c:/nxp/lpcxpresso_7.3.0_186/lpcxpresso/tools/bin/../lib/gcc/arm-none-eabi/4.8.4/../../../../arm-none-eabi/lib/armv7-m\libcr_c.a(__weak__main.o)
 .data          0x00000000        0x0 c:/nxp/lpcxpresso_7.3.0_186/lpcxpresso/tools/bin/../lib/gcc/arm-none-eabi/4.8.4/../../../../arm-none-eabi/lib/armv7-m\libcr_c.a(__weak__main.o)
 .bss           0x00000000        0x0 c:/nxp/lpcxpresso_7.3.0_186/lpcxpresso/tools/bin/../lib/gcc/arm-none-eabi/4.8.4/../../../../arm-none-eabi/lib/armv7-m\libcr_c.a(__weak__main.o)
 .text          0x00000000        0x0 c:/nxp/lpcxpresso_7.3.0_186/lpcxpresso/tools/bin/../lib/gcc/arm-none-eabi/4.8.4/armv7-m\libcr_eabihelpers.a(division_64.o)
 .data          0x00000000        0x0 c:/nxp/lpcxpresso_7.3.0_186/lpcxpresso/tools/bin/../lib/gcc/arm-none-eabi/4.8.4/armv7-m\libcr_eabihelpers.a(division_64.o)
 .bss           0x00000000        0x0 c:/nxp/lpcxpresso_7.3.0_186/lpcxpresso/tools/bin/../lib/gcc/arm-none-eabi/4.8.4/armv7-m\libcr_eabihelpers.a(division_64.o)
 .text.__aeabi_division_ldivmod
                0x00000000       0x26 c:/nxp/lpcxpresso_7.3.0_186/lpcxpresso/tools/bin/../lib/gcc/arm-none-eabi/4.8.4/armv7-m\libcr_eabihelpers.a(division_64.o)
 .text.__aeabi_division_uldivmod
                0x00000000      0x188 c:/nxp/lpcxpresso_7.3.0_186/lpcxpresso/tools/bin/../lib/gcc/arm-none-eabi/4.8.4/armv7-m\libcr_eabihelpers.a(division_64.o)
 .ARM.attributes
                0x00000000       0x21 c:/nxp/lpcxpresso_7.3.0_186/lpcxpresso/tools/bin/../lib/gcc/arm-none-eabi/4.8.4/armv7-m\libcr_eabihelpers.a(division_64.o)
 .text          0x00000000        0x0 c:/nxp/lpcxpresso_7.3.0_186/lpcxpresso/tools/bin/../lib/gcc/arm-none-eabi/4.8.4/armv7-m\libcr_eabihelpers.a(division_idiv0.o)
 .data          0x00000000        0x0 c:/nxp/lpcxpresso_7.3.0_186/lpcxpresso/tools/bin/../lib/gcc/arm-none-eabi/4.8.4/armv7-m\libcr_eabihelpers.a(division_idiv0.o)
 .bss           0x00000000        0x0 c:/nxp/lpcxpresso_7.3.0_186/lpcxpresso/tools/bin/../lib/gcc/arm-none-eabi/4.8.4/armv7-m\libcr_eabihelpers.a(division_idiv0.o)
 .text.__aeabi_division_idiv0
                0x00000000        0x2 c:/nxp/lpcxpresso_7.3.0_186/lpcxpresso/tools/bin/../lib/gcc/arm-none-eabi/4.8.4/armv7-m\libcr_eabihelpers.a(division_idiv0.o)
 .ARM.attributes
                0x00000000       0x21 c:/nxp/lpcxpresso_7.3.0_186/lpcxpresso/tools/bin/../lib/gcc/arm-none-eabi/4.8.4/armv7-m\libcr_eabihelpers.a(division_idiv0.o)

Memory Configuration

Name             Origin             Length             Attributes
MFlash512        0x00000000         0x00080000         xr
RamLoc32         0x10000000         0x00008000         xrw
RamAHB32         0x2007c000         0x00008000         xrw
*default*        0x00000000         0xffffffff

Linker script and memory map

LOAD ./src/cr_startup_lpc176x.o
LOAD ./src/leds.o
LOAD ./src/timer.o
LOAD ./src/timer_irq.o
LOAD ./src/timer_main.o
LOAD C:\Users\roney\Documents\LPCXpresso_7.3.0_186\workspace_CMSIS_teste2\CMSISv2p00_LPC17xx\Debug\libCMSISv2p00_LPC17xx.a
START GROUP
LOAD c:/nxp/lpcxpresso_7.3.0_186/lpcxpresso/tools/bin/../lib/gcc/arm-none-eabi/4.8.4/../../../../arm-none-eabi/lib/armv7-m\libcr_c.a
LOAD c:/nxp/lpcxpresso_7.3.0_186/lpcxpresso/tools/bin/../lib/gcc/arm-none-eabi/4.8.4/armv7-m\libcr_eabihelpers.a
END GROUP
                0x00080000                __top_MFlash512 = 0x80000
                0x10008000                __top_RamLoc32 = 0x10008000
                0x20084000                __top_RamAHB32 = 0x20084000

.text           0x00000000      0x614
 FILL mask 0xff
                0x00000000                __vectors_start__ = ABSOLUTE (.)
 *(.isr_vector)
 .isr_vector    0x00000000       0xcc ./src/cr_startup_lpc176x.o
                0x00000000                g_pfnVectors
                0x000000cc                . = ALIGN (0x4)
                0x000000cc                __section_table_start = .
                0x000000cc                __data_section_table = .
                0x000000cc        0x4 LONG 0x614 LOADADDR (.data)
                0x000000d0        0x4 LONG 0x10000000 ADDR (.data)
                0x000000d4        0x4 LONG 0x4 SIZEOF (.data)
                0x000000d8        0x4 LONG 0x614 LOADADDR (.data_RAM2)
                0x000000dc        0x4 LONG 0x2007c000 ADDR (.data_RAM2)
                0x000000e0        0x4 LONG 0x0 SIZEOF (.data_RAM2)
                0x000000e4                __data_section_table_end = .
                0x000000e4                __bss_section_table = .
                0x000000e4        0x4 LONG 0x10000004 ADDR (.bss)
                0x000000e8        0x4 LONG 0x14 SIZEOF (.bss)
                0x000000ec        0x4 LONG 0x2007c000 ADDR (.bss_RAM2)
                0x000000f0        0x4 LONG 0x0 SIZEOF (.bss_RAM2)
                0x000000f4                __bss_section_table_end = .
                0x000000f4                __section_table_end = .
 *(.after_vectors*)
 .after_vectors
                0x000000f4       0x78 ./src/cr_startup_lpc176x.o
                0x000000f4                NMI_Handler
                0x000000f6                HardFault_Handler
                0x000000f8                MemManage_Handler
                0x000000fa                BusFault_Handler
                0x000000fc                UsageFault_Handler
                0x000000fe                SVCall_Handler
                0x00000100                DebugMon_Handler
                0x00000102                PendSV_Handler
                0x00000104                SysTick_Handler
                0x00000106                PWM1_IRQHandler
                0x00000106                I2C1_IRQHandler
                0x00000106                EINT2_IRQHandler
                0x00000106                UART1_IRQHandler
                0x00000106                EINT3_IRQHandler
                0x00000106                CANActivity_IRQHandler
                0x00000106                UART0_IRQHandler
                0x00000106                MCPWM_IRQHandler
                0x00000106                I2C0_IRQHandler
                0x00000106                IntDefaultHandler
                0x00000106                RIT_IRQHandler
                0x00000106                CAN_IRQHandler
                0x00000106                PLL1_IRQHandler
                0x00000106                SSP0_IRQHandler
                0x00000106                I2S_IRQHandler
                0x00000106                I2C2_IRQHandler
                0x00000106                RTC_IRQHandler
                0x00000106                SPI_IRQHandler
                0x00000106                UART3_IRQHandler
                0x00000106                EINT1_IRQHandler
                0x00000106                UART2_IRQHandler
                0x00000106                ADC_IRQHandler
                0x00000106                SSP1_IRQHandler
                0x00000106                USB_IRQHandler
                0x00000106                BOD_IRQHandler
                0x00000106                USBActivity_IRQHandler
                0x00000106                WDT_IRQHandler
                0x00000106                QEI_IRQHandler
                0x00000106                EINT0_IRQHandler
                0x00000106                PLL0_IRQHandler
                0x00000106                DMA_IRQHandler
                0x00000106                ENET_IRQHandler
                0x00000108                data_init
                0x0000011a                bss_init
                0x0000012a                ResetISR
                0x000002fc                . = 0x2fc
 *fill*         0x0000016c      0x190 ff
                0x000002fc                PROVIDE (__CRP_WORD_START__, .)
 *(.crp)
 .crp           0x000002fc        0x4 ./src/timer_main.o
                0x000002fc                CRP_WORD
                0x00000300                PROVIDE (__CRP_WORD_END__, .)
                0x00000001                ASSERT (! ((__CRP_WORD_START__ == __CRP_WORD_END__)), Linker CRP Enabled, but no CRP_WORD provided within application)
 *(.text*)
 .text.led2_init
                0x00000300       0x20 ./src/leds.o
                0x00000300                led2_init
 .text.led2_invert
                0x00000320       0x18 ./src/leds.o
                0x00000320                led2_invert
 .text.enable_timer
                0x00000338       0x3c ./src/timer.o
                0x00000338                enable_timer
 .text.init_timer
                0x00000374       0x88 ./src/timer.o
                0x00000374                init_timer
 .text.TIMER0_IRQHandler
                0x000003fc       0x1c ./src/timer_irq.o
                0x000003fc                TIMER0_IRQHandler
 .text.TIMER1_IRQHandler
                0x00000418       0x20 ./src/timer_irq.o
                0x00000418                TIMER1_IRQHandler
 .text.TIMER2_IRQHandler
                0x00000438       0x20 ./src/timer_irq.o
                0x00000438                TIMER2_IRQHandler
 .text.TIMER3_IRQHandler
                0x00000458       0x20 ./src/timer_irq.o
                0x00000458                TIMER3_IRQHandler
 .text.main     0x00000478       0xb8 ./src/timer_main.o
                0x00000478                main
 .text.SystemInit
                0x00000530       0xe0 C:\Users\roney\Documents\LPCXpresso_7.3.0_186\workspace_CMSIS_teste2\CMSISv2p00_LPC17xx\Debug\libCMSISv2p00_LPC17xx.a(system_LPC17xx.o)
                0x00000530                SystemInit
 .text.__weak_main
                0x00000610        0x4 c:/nxp/lpcxpresso_7.3.0_186/lpcxpresso/tools/bin/../lib/gcc/arm-none-eabi/4.8.4/../../../../arm-none-eabi/lib/armv7-m\libcr_c.a(__weak__main.o)
                0x00000610                __weak_main
                0x00000610                __main
 *(.rodata .rodata.* .constdata .constdata.*)
                0x00000614                . = ALIGN (0x4)

.glue_7         0x00000614        0x0
 .glue_7        0x00000000        0x0 linker stubs

.glue_7t        0x00000614        0x0
 .glue_7t       0x00000000        0x0 linker stubs

.vfp11_veneer   0x00000614        0x0
 .vfp11_veneer  0x00000000        0x0 linker stubs

.v4_bx          0x00000614        0x0
 .v4_bx         0x00000000        0x0 linker stubs

.iplt           0x00000614        0x0
 .iplt          0x00000000        0x0 ./src/cr_startup_lpc176x.o

.rel.dyn        0x00000614        0x0
 .rel.iplt      0x00000000        0x0 ./src/cr_startup_lpc176x.o

.ARM.extab
 *(.ARM.extab* .gnu.linkonce.armextab.*)
                0x00000614                __exidx_start = .

.ARM.exidx
 *(.ARM.exidx* .gnu.linkonce.armexidx.*)
                0x00000614                __exidx_end = .
                0x00000614                _etext = .

.data_RAM2      0x2007c000        0x0 load address 0x00000614
 FILL mask 0xff
 *(.ramfunc.$RAM2)
 *(.ramfunc.$RamAHB32)
 *(.data.$RAM2*)
 *(.data.$RamAHB32*)
                0x2007c000                . = ALIGN (0x4)

.uninit_RESERVED
                0x10000000        0x0
 *(.bss.$RESERVED*)
                0x10000000                . = ALIGN (0x4)
                0x10000000                _end_uninit_RESERVED = .

.data           0x10000000        0x4 load address 0x00000614
 FILL mask 0xff
                0x10000000                _data = .
 *(vtable)
 *(.ramfunc*)
 *(.data*)
 .data.SystemCoreClock
                0x10000000        0x4 C:\Users\roney\Documents\LPCXpresso_7.3.0_186\workspace_CMSIS_teste2\CMSISv2p00_LPC17xx\Debug\libCMSISv2p00_LPC17xx.a(system_LPC17xx.o)
                0x10000000                SystemCoreClock
                0x10000004                . = ALIGN (0x4)
                0x10000004                _edata = .

.igot.plt       0x10000004        0x0 load address 0x00000618
 .igot.plt      0x00000000        0x0 ./src/cr_startup_lpc176x.o

.bss_RAM2       0x2007c000        0x0
 *(.bss.$RAM2*)
 *(.bss.$RamAHB32*)
                0x2007c000                . = ALIGN (0x4)

.bss            0x10000004       0x14
                0x10000004                _bss = .
 *(.bss*)
 .bss.timer3_counter
                0x10000004        0x4 ./src/timer.o
                0x10000004                timer3_counter
 .bss.timer1_counter
                0x10000008        0x4 ./src/timer.o
                0x10000008                timer1_counter
 .bss.timer2_counter
                0x1000000c        0x4 ./src/timer.o
                0x1000000c                timer2_counter
 .bss.timer0_counter
                0x10000010        0x4 ./src/timer.o
                0x10000010                timer0_counter
 .bss.i.4931    0x10000014        0x4 ./src/timer_main.o
 *(COMMON)
                0x10000018                . = ALIGN (0x4)
                0x10000018                _ebss = .
                0x10000018                PROVIDE (end, .)

.noinit_RAM2    0x2007c000        0x0
 *(.noinit.$RAM2*)
 *(.noinit.$RamAHB32*)
                0x2007c000                . = ALIGN (0x4)

.noinit         0x10000018        0x0
                0x10000018                _noinit = .
 *(.noinit*)
                0x10000018                . = ALIGN (0x4)
                0x10000018                _end_noinit = .
                0x10000018                PROVIDE (_pvHeapStart, .)
                0x10008000                PROVIDE (_vStackTop, (__top_RamLoc32 - 0x0))
OUTPUT(LPCX176x_cmsis2_timers.axf elf32-littlearm)

.debug_info     0x00000000     0x16ee
 .debug_info    0x00000000      0x2be ./src/cr_startup_lpc176x.o
 .debug_info    0x000002be      0x535 ./src/leds.o
 .debug_info    0x000007f3      0x57a ./src/timer.o
 .debug_info    0x00000d6d      0x266 ./src/timer_irq.o
 .debug_info    0x00000fd3      0x403 ./src/timer_main.o
 .debug_info    0x000013d6      0x318 C:\Users\roney\Documents\LPCXpresso_7.3.0_186\workspace_CMSIS_teste2\CMSISv2p00_LPC17xx\Debug\libCMSISv2p00_LPC17xx.a(system_LPC17xx.o)

.debug_abbrev   0x00000000      0x6d1
 .debug_abbrev  0x00000000      0x12b ./src/cr_startup_lpc176x.o
 .debug_abbrev  0x0000012b       0xeb ./src/leds.o
 .debug_abbrev  0x00000216      0x18e ./src/timer.o
 .debug_abbrev  0x000003a4       0xea ./src/timer_irq.o
 .debug_abbrev  0x0000048e      0x15d ./src/timer_main.o
 .debug_abbrev  0x000005eb       0xe6 C:\Users\roney\Documents\LPCXpresso_7.3.0_186\workspace_CMSIS_teste2\CMSISv2p00_LPC17xx\Debug\libCMSISv2p00_LPC17xx.a(system_LPC17xx.o)

.debug_loc      0x00000000      0x204
 .debug_loc     0x00000000      0x15f ./src/cr_startup_lpc176x.o
 .debug_loc     0x0000015f       0x21 ./src/leds.o
 .debug_loc     0x00000180       0x84 ./src/timer.o

.debug_aranges  0x00000000      0x170
 .debug_aranges
                0x00000000       0x80 ./src/cr_startup_lpc176x.o
 .debug_aranges
                0x00000080       0x38 ./src/leds.o
 .debug_aranges
                0x000000b8       0x38 ./src/timer.o
 .debug_aranges
                0x000000f0       0x38 ./src/timer_irq.o
 .debug_aranges
                0x00000128       0x20 ./src/timer_main.o
 .debug_aranges
                0x00000148       0x28 C:\Users\roney\Documents\LPCXpresso_7.3.0_186\workspace_CMSIS_teste2\CMSISv2p00_LPC17xx\Debug\libCMSISv2p00_LPC17xx.a(system_LPC17xx.o)

.debug_ranges   0x00000000      0x110
 .debug_ranges  0x00000000       0x70 ./src/cr_startup_lpc176x.o
 .debug_ranges  0x00000070       0x28 ./src/leds.o
 .debug_ranges  0x00000098       0x28 ./src/timer.o
 .debug_ranges  0x000000c0       0x28 ./src/timer_irq.o
 .debug_ranges  0x000000e8       0x10 ./src/timer_main.o
 .debug_ranges  0x000000f8       0x18 C:\Users\roney\Documents\LPCXpresso_7.3.0_186\workspace_CMSIS_teste2\CMSISv2p00_LPC17xx\Debug\libCMSISv2p00_LPC17xx.a(system_LPC17xx.o)

.debug_macro    0x00000000     0x2f50
 .debug_macro   0x00000000       0x52 ./src/cr_startup_lpc176x.o
 .debug_macro   0x00000052      0x85c ./src/cr_startup_lpc176x.o
 .debug_macro   0x000008ae       0x10 ./src/cr_startup_lpc176x.o
 .debug_macro   0x000008be      0x122 ./src/cr_startup_lpc176x.o
 .debug_macro   0x000009e0      0x5b9 ./src/cr_startup_lpc176x.o
 .debug_macro   0x00000f99       0x7f ./src/leds.o
 .debug_macro   0x00001018      0x856 ./src/leds.o
 .debug_macro   0x0000186e       0x1c ./src/leds.o
 .debug_macro   0x0000188a       0x2e ./src/leds.o
 .debug_macro   0x000018b8       0x18 ./src/leds.o
 .debug_macro   0x000018d0      0x7af ./src/leds.o
 .debug_macro   0x0000207f      0x2c7 ./src/leds.o
 .debug_macro   0x00002346       0x7f ./src/timer.o
 .debug_macro   0x000023c5       0x89 ./src/timer_irq.o
 .debug_macro   0x0000244e       0xcb ./src/timer_main.o
 .debug_macro   0x00002519       0x82 ./src/timer_main.o
 .debug_macro   0x0000259b       0x34 ./src/timer_main.o
 .debug_macro   0x000025cf      0x12b C:\Users\roney\Documents\LPCXpresso_7.3.0_186\workspace_CMSIS_teste2\CMSISv2p00_LPC17xx\Debug\libCMSISv2p00_LPC17xx.a(system_LPC17xx.o)
 .debug_macro   0x000026fa      0x856 C:\Users\roney\Documents\LPCXpresso_7.3.0_186\workspace_CMSIS_teste2\CMSISv2p00_LPC17xx\Debug\libCMSISv2p00_LPC17xx.a(system_LPC17xx.o)

.debug_line     0x00000000      0xc35
 .debug_line    0x00000000      0x1ca ./src/cr_startup_lpc176x.o
 .debug_line    0x000001ca      0x1e7 ./src/leds.o
 .debug_line    0x000003b1      0x23c ./src/timer.o
 .debug_line    0x000005ed      0x1fc ./src/timer_irq.o
 .debug_line    0x000007e9      0x274 ./src/timer_main.o
 .debug_line    0x00000a5d      0x1d8 C:\Users\roney\Documents\LPCXpresso_7.3.0_186\workspace_CMSIS_teste2\CMSISv2p00_LPC17xx\Debug\libCMSISv2p00_LPC17xx.a(system_LPC17xx.o)

.debug_str      0x00000000     0x8f16
 .debug_str     0x00000000     0x3cb1 ./src/cr_startup_lpc176x.o
                               0x3d30 (size before relaxing)
 .debug_str     0x00003cb1     0x441a ./src/leds.o
                               0x7eb3 (size before relaxing)
 .debug_str     0x000080cb      0x329 ./src/timer.o
                               0x7f5a (size before relaxing)
 .debug_str     0x000083f4       0x5b ./src/timer_irq.o
                               0x7cfa (size before relaxing)
 .debug_str     0x0000844f      0x794 ./src/timer_main.o
                               0x842d (size before relaxing)
 .debug_str     0x00008be3      0x333 C:\Users\roney\Documents\LPCXpresso_7.3.0_186\workspace_CMSIS_teste2\CMSISv2p00_LPC17xx\Debug\libCMSISv2p00_LPC17xx.a(system_LPC17xx.o)
                               0x8049 (size before relaxing)

.comment        0x00000000       0xe0
 .comment       0x00000000       0x70 ./src/cr_startup_lpc176x.o
                                 0x71 (size before relaxing)
 .comment       0x00000000       0x71 ./src/leds.o
 .comment       0x00000000       0x71 ./src/timer.o
 .comment       0x00000000       0x71 ./src/timer_irq.o
 .comment       0x00000000       0x71 ./src/timer_main.o
 .comment       0x00000000       0x71 C:\Users\roney\Documents\LPCXpresso_7.3.0_186\workspace_CMSIS_teste2\CMSISv2p00_LPC17xx\Debug\libCMSISv2p00_LPC17xx.a(system_LPC17xx.o)
 .comment       0x00000070       0x70 c:/nxp/lpcxpresso_7.3.0_186/lpcxpresso/tools/bin/../lib/gcc/arm-none-eabi/4.8.4/../../../../arm-none-eabi/lib/armv7-m\libcr_c.a(__weak__main.o)
                                 0x71 (size before relaxing)

.ARM.attributes
                0x00000000       0x31
 .ARM.attributes
                0x00000000       0x33 ./src/cr_startup_lpc176x.o
 .ARM.attributes
                0x00000033       0x33 ./src/leds.o
 .ARM.attributes
                0x00000066       0x33 ./src/timer.o
 .ARM.attributes
                0x00000099       0x33 ./src/timer_irq.o
 .ARM.attributes
                0x000000cc       0x33 ./src/timer_main.o
 .ARM.attributes
                0x000000ff       0x33 C:\Users\roney\Documents\LPCXpresso_7.3.0_186\workspace_CMSIS_teste2\CMSISv2p00_LPC17xx\Debug\libCMSISv2p00_LPC17xx.a(system_LPC17xx.o)
 .ARM.attributes
                0x00000132       0x33 c:/nxp/lpcxpresso_7.3.0_186/lpcxpresso/tools/bin/../lib/gcc/arm-none-eabi/4.8.4/../../../../arm-none-eabi/lib/armv7-m\libcr_c.a(__weak__main.o)

.debug_frame    0x00000000      0x268
 .debug_frame   0x00000000       0xf0 ./src/cr_startup_lpc176x.o
 .debug_frame   0x000000f0       0x50 ./src/leds.o
 .debug_frame   0x00000140       0x50 ./src/timer.o
 .debug_frame   0x00000190       0x70 ./src/timer_irq.o
 .debug_frame   0x00000200       0x2c ./src/timer_main.o
 .debug_frame   0x0000022c       0x3c C:\Users\roney\Documents\LPCXpresso_7.3.0_186\workspace_CMSIS_teste2\CMSISv2p00_LPC17xx\Debug\libCMSISv2p00_LPC17xx.a(system_LPC17xx.o)
