Archive member included because of file (symbol)

C:\Users\roney\Documents\LPCXpresso_7.3.0_186\workspace_CMSIS_teste2\CMSISv2p00_LPC17xx\Debug\libCMSISv2p00_LPC17xx.a(system_LPC17xx.o)
                              ./src/cr_startup_lpc176x.o (SystemInit)
c:/nxp/lpcxpresso_7.3.0_186/lpcxpresso/tools/bin/../lib/gcc/arm-none-eabi/4.8.4/../../../../arm-none-eabi/lib/armv7-m\libcr_semihost.a(_cr__main.o)
                              ./src/cr_startup_lpc176x.o (__main)
c:/nxp/lpcxpresso_7.3.0_186/lpcxpresso/tools/bin/../lib/gcc/arm-none-eabi/4.8.4/../../../../arm-none-eabi/lib/armv7-m\libcr_c.a(memcpy.o)
                              ./src/easyweb.o (memcpy)
c:/nxp/lpcxpresso_7.3.0_186/lpcxpresso/tools/bin/../lib/gcc/arm-none-eabi/4.8.4/../../../../arm-none-eabi/lib/armv7-m\libcr_c.a(memset.o)
                              ./src/tcpip.o (memset)
c:/nxp/lpcxpresso_7.3.0_186/lpcxpresso/tools/bin/../lib/gcc/arm-none-eabi/4.8.4/../../../../arm-none-eabi/lib/armv7-m\libcr_c.a(initio.o)
                              c:/nxp/lpcxpresso_7.3.0_186/lpcxpresso/tools/bin/../lib/gcc/arm-none-eabi/4.8.4/../../../../arm-none-eabi/lib/armv7-m\libcr_semihost.a(_cr__main.o) (_initio)
c:/nxp/lpcxpresso_7.3.0_186/lpcxpresso/tools/bin/../lib/gcc/arm-none-eabi/4.8.4/../../../../arm-none-eabi/lib/armv7-m\libcr_c.a(memcmp.o)
                              ./src/tcpip.o (memcmp)
c:/nxp/lpcxpresso_7.3.0_186/lpcxpresso/tools/bin/../lib/gcc/arm-none-eabi/4.8.4/../../../../arm-none-eabi/lib/armv7-m\libcr_c.a(printf.o)
                              ./src/easyweb.o (_sprintf)
c:/nxp/lpcxpresso_7.3.0_186/lpcxpresso/tools/bin/../lib/gcc/arm-none-eabi/4.8.4/../../../../arm-none-eabi/lib/armv7-m\libcr_c.a(setvbuf.o)
                              c:/nxp/lpcxpresso_7.3.0_186/lpcxpresso/tools/bin/../lib/gcc/arm-none-eabi/4.8.4/../../../../arm-none-eabi/lib/armv7-m\libcr_c.a(initio.o) (setvbuf)
c:/nxp/lpcxpresso_7.3.0_186/lpcxpresso/tools/bin/../lib/gcc/arm-none-eabi/4.8.4/../../../../arm-none-eabi/lib/armv7-m\libcr_c.a(stdio.o)
                              c:/nxp/lpcxpresso_7.3.0_186/lpcxpresso/tools/bin/../lib/gcc/arm-none-eabi/4.8.4/../../../../arm-none-eabi/lib/armv7-m\libcr_c.a(initio.o) (__Ciob)
c:/nxp/lpcxpresso_7.3.0_186/lpcxpresso/tools/bin/../lib/gcc/arm-none-eabi/4.8.4/../../../../arm-none-eabi/lib/armv7-m\libcr_c.a(strlen.o)
                              c:/nxp/lpcxpresso_7.3.0_186/lpcxpresso/tools/bin/../lib/gcc/arm-none-eabi/4.8.4/../../../../arm-none-eabi/lib/armv7-m\libcr_c.a(printf.o) (strlen)
c:/nxp/lpcxpresso_7.3.0_186/lpcxpresso/tools/bin/../lib/gcc/arm-none-eabi/4.8.4/../../../../arm-none-eabi/lib/armv7-m\libcr_c.a(__fillbuf.o)
                              c:/nxp/lpcxpresso_7.3.0_186/lpcxpresso/tools/bin/../lib/gcc/arm-none-eabi/4.8.4/../../../../arm-none-eabi/lib/armv7-m\libcr_c.a(stdio.o) (__filbuf)
c:/nxp/lpcxpresso_7.3.0_186/lpcxpresso/tools/bin/../lib/gcc/arm-none-eabi/4.8.4/../../../../arm-none-eabi/lib/armv7-m\libcr_c.a(_deferredlazyseek.o)
                              c:/nxp/lpcxpresso_7.3.0_186/lpcxpresso/tools/bin/../lib/gcc/arm-none-eabi/4.8.4/../../../../arm-none-eabi/lib/armv7-m\libcr_c.a(__fillbuf.o) (_deferredlazyseek)
c:/nxp/lpcxpresso_7.3.0_186/lpcxpresso/tools/bin/../lib/gcc/arm-none-eabi/4.8.4/../../../../arm-none-eabi/lib/armv7-m\libcr_c.a(_fdopen.o)
                              c:/nxp/lpcxpresso_7.3.0_186/lpcxpresso/tools/bin/../lib/gcc/arm-none-eabi/4.8.4/../../../../arm-none-eabi/lib/armv7-m\libcr_c.a(initio.o) (_fdopen)
c:/nxp/lpcxpresso_7.3.0_186/lpcxpresso/tools/bin/../lib/gcc/arm-none-eabi/4.8.4/../../../../arm-none-eabi/lib/armv7-m\libcr_c.a(_fflush.o)
                              c:/nxp/lpcxpresso_7.3.0_186/lpcxpresso/tools/bin/../lib/gcc/arm-none-eabi/4.8.4/../../../../arm-none-eabi/lib/armv7-m\libcr_c.a(__fillbuf.o) (_fflush)
c:/nxp/lpcxpresso_7.3.0_186/lpcxpresso/tools/bin/../lib/gcc/arm-none-eabi/4.8.4/../../../../arm-none-eabi/lib/armv7-m\libcr_c.a(_writebuf.o)
                              c:/nxp/lpcxpresso_7.3.0_186/lpcxpresso/tools/bin/../lib/gcc/arm-none-eabi/4.8.4/../../../../arm-none-eabi/lib/armv7-m\libcr_c.a(_deferredlazyseek.o) (_Cwritebuf)
c:/nxp/lpcxpresso_7.3.0_186/lpcxpresso/tools/bin/../lib/gcc/arm-none-eabi/4.8.4/../../../../arm-none-eabi/lib/armv7-m\libcr_c.a(alloc.o)
                              c:/nxp/lpcxpresso_7.3.0_186/lpcxpresso/tools/bin/../lib/gcc/arm-none-eabi/4.8.4/../../../../arm-none-eabi/lib/armv7-m\libcr_c.a(printf.o) (malloc)
c:/nxp/lpcxpresso_7.3.0_186/lpcxpresso/tools/bin/../lib/gcc/arm-none-eabi/4.8.4/../../../../arm-none-eabi/lib/armv7-m\libcr_c.a(fclose.o)
                              c:/nxp/lpcxpresso_7.3.0_186/lpcxpresso/tools/bin/../lib/gcc/arm-none-eabi/4.8.4/../../../../arm-none-eabi/lib/armv7-m\libcr_c.a(initio.o) (fclose)
c:/nxp/lpcxpresso_7.3.0_186/lpcxpresso/tools/bin/../lib/gcc/arm-none-eabi/4.8.4/../../../../arm-none-eabi/lib/armv7-m\libcr_c.a(fflush.o)
[...]
Memory Configuration

Name             Origin             Length             Attributes
MFlash512        0x00000000         0x00080000         xr
RamLoc32         0x10000000         0x00008000         xrw
RamAHB32         0x2007c000         0x00008000         xrw
*default*        0x00000000         0xffffffff

Linker script and memory map

LOAD ./src/cr_startup_lpc176x.o
LOAD ./src/easyweb.o
LOAD ./src/ethmac.o
LOAD ./src/ew_systick.o
LOAD ./src/tcpip.o
LOAD C:\Users\roney\Documents\LPCXpresso_7.3.0_186\workspace_CMSIS_teste2\CMSISv2p00_LPC17xx\Debug\libCMSISv2p00_LPC17xx.a
START GROUP
LOAD c:/nxp/lpcxpresso_7.3.0_186/lpcxpresso/tools/bin/../lib/gcc/arm-none-eabi/4.8.4/../../../../arm-none-eabi/lib/armv7-m\libcr_semihost.a
LOAD c:/nxp/lpcxpresso_7.3.0_186/lpcxpresso/tools/bin/../lib/gcc/arm-none-eabi/4.8.4/../../../../arm-none-eabi/lib/armv7-m\libcr_c.a
LOAD c:/nxp/lpcxpresso_7.3.0_186/lpcxpresso/tools/bin/../lib/gcc/arm-none-eabi/4.8.4/armv7-m\libcr_eabihelpers.a
END GROUP
                0x00080000                __top_MFlash512 = 0x80000
                0x10008000                __top_RamLoc32 = 0x10008000
                0x20084000                __top_RamAHB32 = 0x20084000

.text           0x00000000     0x3e94
 FILL mask 0xff
                0x00000000                __vectors_start__ = ABSOLUTE (.)
 *(.isr_vector)
 .isr_vector    0x00000000       0xcc ./src/cr_startup_lpc176x.o
                0x00000000                g_pfnVectors
                0x000000cc                . = ALIGN (0x4)
                0x000000cc                __section_table_start = .
                0x000000cc                __data_section_table = .
                0x000000cc        0x4 LONG 0x3e94 LOADADDR (.data)
                0x000000d0        0x4 LONG 0x10000000 ADDR (.data)
                0x000000d4        0x4 LONG 0x8 SIZEOF (.data)
                0x000000d8        0x4 LONG 0x3e94 LOADADDR (.data_RAM2)
                0x000000dc        0x4 LONG 0x2007c000 ADDR (.data_RAM2)
                0x000000e0        0x4 LONG 0x0 SIZEOF (.data_RAM2)
                0x000000e4                __data_section_table_end = .
                0x000000e4                __bss_section_table = .
                0x000000e4        0x4 LONG 0x10000008 ADDR (.bss)
                0x000000e8        0x4 LONG 0x544 SIZEOF (.bss)
                0x000000ec        0x4 LONG 0x2007c000 ADDR (.bss_RAM2)
                0x000000f0        0x4 LONG 0x0 SIZEOF (.bss_RAM2)
                0x000000f4                __bss_section_table_end = .
                0x000000f4                __section_table_end = .
 *(.after_vectors*)
 .after_vectors
                0x000000f4       0x78 ./src/cr_startup_lpc176x.o
                0x000000f4                NMI_Handler
                0x000000f6                HardFault_Handler
                0x000000f8                MemManage_Handler
                0x000000fa                BusFault_Handler
                0x000000fc                UsageFault_Handler
                0x000000fe                SVCall_Handler
                0x00000100                DebugMon_Handler
                0x00000102                PendSV_Handler
                0x00000106                PWM1_IRQHandler
                0x00000106                I2C0_IRQHandler
                0x00000106                I2C1_IRQHandler
                0x00000106                EINT2_IRQHandler
                0x00000106                UART1_IRQHandler
                0x00000106                EINT3_IRQHandler
                0x00000106                CANActivity_IRQHandler
                0x00000106                TIMER3_IRQHandler
                0x00000106                UART0_IRQHandler
                0x00000106                MCPWM_IRQHandler
                0x00000106                RIT_IRQHandler
                0x00000106                IntDefaultHandler
                0x00000106                PLL0_IRQHandler
                0x00000106                USBActivity_IRQHandler
                0x00000106                PLL1_IRQHandler
                0x00000106                SSP0_IRQHandler
                0x00000106                I2S_IRQHandler
                0x00000106                I2C2_IRQHandler
                0x00000106                RTC_IRQHandler
                0x00000106                TIMER0_IRQHandler
                0x00000106                SPI_IRQHandler
                0x00000106                UART3_IRQHandler
                0x00000106                EINT1_IRQHandler
                0x00000106                TIMER1_IRQHandler
                0x00000106                UART2_IRQHandler
                0x00000106                ADC_IRQHandler
                0x00000106                SSP1_IRQHandler
                0x00000106                USB_IRQHandler
                0x00000106                BOD_IRQHandler
                0x00000106                TIMER2_IRQHandler
                0x00000106                WDT_IRQHandler
                0x00000106                QEI_IRQHandler
                0x00000106                EINT0_IRQHandler
                0x00000106                CAN_IRQHandler
                0x00000106                DMA_IRQHandler
                0x00000106                ENET_IRQHandler
                0x00000108                data_init
                0x0000011a                bss_init
                0x0000012a                ResetISR
                0x000002fc                . = 0x2fc
 *fill*         0x0000016c      0x190 ff
                0x000002fc                PROVIDE (__CRP_WORD_START__, .)
 *(.crp)
 .crp           0x000002fc        0x4 ./src/easyweb.o
                0x000002fc                CRP_WORD
                0x00000300                PROVIDE (__CRP_WORD_END__, .)
                0x00000001                ASSERT (! ((__CRP_WORD_START__ == __CRP_WORD_END__)), Linker CRP Enabled, but no CRP_WORD provided within application)
 *(.text*)
 .text.main     0x00000300       0x70 ./src/easyweb.o
                0x00000300                main
 .text.HTTPServer
                0x00000370      0x144 ./src/easyweb.o
                0x00000370                HTTPServer
 .text.GetAD7Val
                0x000004b4       0x48 ./src/easyweb.o
                0x000004b4                GetAD7Val
 .text.InsertDynamicValues
                0x000004fc       0xec ./src/easyweb.o
                0x000004fc                InsertDynamicValues
 .text.WriteToPHY
                0x000005e8       0x4c ./src/ethmac.o
                0x000005e8                WriteToPHY
 .text.ReadFromPHY
                0x00000634       0x60 ./src/ethmac.o
                0x00000634                ReadFromPHY
 .text.Init_EthMAC
                0x00000694      0x3a8 ./src/ethmac.o
                0x00000694                Init_EthMAC
 .text.WriteFrame_EthMAC
                0x00000a3c       0x28 ./src/ethmac.o
                0x00000a3c                WriteFrame_EthMAC
 .text.CopyToFrame_EthMAC
                0x00000a64       0x60 ./src/ethmac.o
                0x00000a64                CopyToFrame_EthMAC
 .text.ReadFrame_EthMAC
                0x00000ac4       0x20 ./src/ethmac.o
                0x00000ac4                ReadFrame_EthMAC
 .text.ReadFrameBE_EthMAC
                0x00000ae4       0x2c ./src/ethmac.o
                0x00000ae4                ReadFrameBE_EthMAC
 .text.CopyFromFrame_EthMAC
                0x00000b10       0x44 ./src/ethmac.o
                0x00000b10                CopyFromFrame_EthMAC
 .text.DummyReadFrame_EthMAC
                0x00000b54       0x24 ./src/ethmac.o
                0x00000b54                DummyReadFrame_EthMAC
 .text.RequestSend
                0x00000b78       0x4c ./src/ethmac.o
                0x00000b78                RequestSend
 .text.Rdy4Tx   0x00000bc4       0x10 ./src/ethmac.o
                0x00000bc4                Rdy4Tx
 .text.StartReadingFrame
                0x00000bd4       0x50 ./src/ethmac.o
                0x00000bd4                StartReadingFrame
 .text.StopReadingFrame
                0x00000c24       0x34 ./src/ethmac.o
                0x00000c24                StopReadingFrame
 .text.CheckIfFrameReceived
                0x00000c58       0x28 ./src/ethmac.o
                0x00000c58                CheckIfFrameReceived
 .text.NVIC_SetPriority
                0x00000c80       0x54 ./src/ew_systick.o
 .text.SysTick_Config
                0x00000cd4       0x44 ./src/ew_systick.o
 .text.SysTick_Handler
                0x00000d18       0x54 ./src/ew_systick.o
                0x00000d18                SysTick_Handler
 .text.Start_SysTick10ms
                0x00000d6c       0x28 ./src/ew_systick.o
                0x00000d6c                Start_SysTick10ms
 .text.TCPLowLevelInit
                0x00000d94       0x44 ./src/tcpip.o
                0x00000d94                TCPLowLevelInit
 .text.TCPPassiveOpen
                0x00000dd8       0x3c ./src/tcpip.o
                0x00000dd8                TCPPassiveOpen
 .text.TCPClose
                0x00000e14       0x5c ./src/tcpip.o
                0x00000e14                TCPClose
 .text.TCPReleaseRxBuffer
                0x00000e70       0x20 ./src/tcpip.o
                0x00000e70                TCPReleaseRxBuffer
 .text.TCPTransmitTxBuffer
                0x00000e90       0x80 ./src/tcpip.o
                0x00000e90                TCPTransmitTxBuffer
 .text.BroadcastMessage
                0x00000f10       0x58 ./src/tcpip.o
                0x00000f10                BroadcastMessage
 .text.DoNetworkStuff
                0x00000f68      0x274 ./src/tcpip.o
                0x00000f68                DoNetworkStuff
 .text.ProcessEthBroadcastFrame
                0x000011dc       0x88 ./src/tcpip.o
                0x000011dc                ProcessEthBroadcastFrame
 .text.ProcessEthIAFrame
                0x00001264      0x10c ./src/tcpip.o
                0x00001264                ProcessEthIAFrame
 .text.ProcessICMPFrame
                0x00001370       0x28 ./src/tcpip.o
                0x00001370                ProcessICMPFrame
 .text.ProcessTCPFrame
                0x00001398      0x4ec ./src/tcpip.o
                0x00001398                ProcessTCPFrame
 .text.PrepareARP_REQUEST
                0x00001884       0xec ./src/tcpip.o
                0x00001884                PrepareARP_REQUEST
 .text.PrepareARP_ANSWER
                0x00001970       0xac ./src/tcpip.o
                0x00001970                PrepareARP_ANSWER
 .text.PrepareICMP_ECHO_REPLY
                0x00001a1c      0x114 ./src/tcpip.o
                0x00001a1c                PrepareICMP_ECHO_REPLY
 .text.PrepareTCP_FRAME
                0x00001b30      0x1a0 ./src/tcpip.o
                0x00001b30                PrepareTCP_FRAME
 .text.PrepareTCP_DATA_FRAME
                0x00001cd0      0x128 ./src/tcpip.o
                0x00001cd0                PrepareTCP_DATA_FRAME
 .text.CalcChecksum
                0x00001df8       0xbc ./src/tcpip.o
                0x00001df8                CalcChecksum
 .text.TCPStartRetryTimer
                0x00001eb4       0x40 ./src/tcpip.o
                0x00001eb4                TCPStartRetryTimer
 .text.TCPStartTimeWaitTimer
                0x00001ef4       0x38 ./src/tcpip.o
                0x00001ef4                TCPStartTimeWaitTimer
 .text.TCPRestartTimer
                0x00001f2c       0x18 ./src/tcpip.o
                0x00001f2c                TCPRestartTimer
 .text.TCPStopTimer
                0x00001f44       0x20 ./src/tcpip.o
                0x00001f44                TCPStopTimer
 .text.TCPHandleRetransmission
                0x00001f64       0x60 ./src/tcpip.o
                0x00001f64                TCPHandleRetransmission
 .text.TCPHandleTimeout
                0x00001fc4       0x40 ./src/tcpip.o
                0x00001fc4                TCPHandleTimeout
 .text.TCPClockHandler
                0x00002004       0x2c ./src/tcpip.o
                0x00002004                TCPClockHandler
 .text.SendFrame1
                0x00002030       0x1c ./src/tcpip.o
                0x00002030                SendFrame1
 .text.SendFrame2
                0x0000204c       0x1c ./src/tcpip.o
                0x0000204c                SendFrame2
 .text.WriteWBE
                0x00002068       0x30 ./src/tcpip.o
                0x00002068                WriteWBE
 .text.WriteDWBE
                0x00002098       0x48 ./src/tcpip.o
                0x00002098                WriteDWBE
 .text.SwapBytes
                0x000020e0       0x2c ./src/tcpip.o
                0x000020e0                SwapBytes
 .text.SystemInit
                0x0000210c       0xe0 C:\Users\roney\Documents\LPCXpresso_7.3.0_186\workspace_CMSIS_teste2\CMSISv2p00_LPC17xx\Debug\libCMSISv2p00_LPC17xx.a(system_LPC17xx.o)
                0x0000210c                SystemInit
 .text.__main   0x000021ec       0x14 c:/nxp/lpcxpresso_7.3.0_186/lpcxpresso/tools/bin/../lib/gcc/arm-none-eabi/4.8.4/../../../../arm-none-eabi/lib/armv7-m\libcr_semihost.a(_cr__main.o)
                0x000021ec                __CR_SEMIHOST
                0x000021ec                __main
 .text.memcpy   0x00002200        0x4 c:/nxp/lpcxpresso_7.3.0_186/lpcxpresso/tools/bin/../lib/gcc/arm-none-eabi/4.8.4/../../../../arm-none-eabi/lib/armv7-m\libcr_c.a(memcpy.o)
                0x00002200                memcpy
 .text.memset   0x00002204        0x4 c:/nxp/lpcxpresso_7.3.0_186/lpcxpresso/tools/bin/../lib/gcc/arm-none-eabi/4.8.4/../../../../arm-none-eabi/lib/armv7-m\libcr_c.a(memset.o)
                0x00002204                memset
 .text._initio  0x00002208       0xa4 c:/nxp/lpcxpresso_7.3.0_186/lpcxpresso/tools/bin/../lib/gcc/arm-none-eabi/4.8.4/../../../../arm-none-eabi/lib/armv7-m\libcr_c.a(initio.o)
                0x00002208                _initio
 .text.memcmp   0x000022ac       0x44 c:/nxp/lpcxpresso_7.3.0_186/lpcxpresso/tools/bin/../lib/gcc/arm-none-eabi/4.8.4/../../../../arm-none-eabi/lib/armv7-m\libcr_c.a(memcmp.o)
                0x000022ac                memcmp
 .text.no_fp_display
                0x000022f0        0x4 c:/nxp/lpcxpresso_7.3.0_186/lpcxpresso/tools/bin/../lib/gcc/arm-none-eabi/4.8.4/../../../../arm-none-eabi/lib/armv7-m\libcr_c.a(printf.o)
 .text.__vfprintf
                0x000022f4      0xca0 c:/nxp/lpcxpresso_7.3.0_186/lpcxpresso/tools/bin/../lib/gcc/arm-none-eabi/4.8.4/../../../../arm-none-eabi/lib/armv7-m\libcr_c.a(printf.o)
                0x000022f4                __vfprintf
 .text._sprintf
                0x00002f94       0x6c c:/nxp/lpcxpresso_7.3.0_186/lpcxpresso/tools/bin/../lib/gcc/arm-none-eabi/4.8.4/../../../../arm-none-eabi/lib/armv7-m\libcr_c.a(printf.o)
                0x00002f94                _sprintf
 .text._vsnprintf
                0x00003000       0x5c c:/nxp/lpcxpresso_7.3.0_186/lpcxpresso/tools/bin/../lib/gcc/arm-none-eabi/4.8.4/../../../../arm-none-eabi/lib/armv7-m\libcr_c.a(printf.o)
                0x00003000                _vsnprintf
 .text._printf  0x0000305c       0x54 c:/nxp/lpcxpresso_7.3.0_186/lpcxpresso/tools/bin/../lib/gcc/arm-none-eabi/4.8.4/../../../../arm-none-eabi/lib/armv7-m\libcr_c.a(printf.o)
                0x0000305c                _printf
 .text.setvbuf  0x000030b0       0x40 c:/nxp/lpcxpresso_7.3.0_186/lpcxpresso/tools/bin/../lib/gcc/arm-none-eabi/4.8.4/../../../../arm-none-eabi/lib/armv7-m\libcr_c.a(setvbuf.o)
                0x000030b0                setvbuf
 .text.strlen   0x000030f0       0x4a c:/nxp/lpcxpresso_7.3.0_186/lpcxpresso/tools/bin/../lib/gcc/arm-none-eabi/4.8.4/../../../../arm-none-eabi/lib/armv7-m\libcr_c.a(strlen.o)
                0x000030f0                strlen
 .text._deferredlazyseek
                0x0000313a       0x44 c:/nxp/lpcxpresso_7.3.0_186/lpcxpresso/tools/bin/../lib/gcc/arm-none-eabi/4.8.4/../../../../arm-none-eabi/lib/armv7-m\libcr_c.a(_deferredlazyseek.o)
                0x0000313a                _deferredlazyseek
 .text.__flsbuf
                0x0000317e      0x142 c:/nxp/lpcxpresso_7.3.0_186/lpcxpresso/tools/bin/../lib/gcc/arm-none-eabi/4.8.4/../../../../arm-none-eabi/lib/armv7-m\libcr_c.a(_deferredlazyseek.o)
                0x0000317e                __flsbuf
 .text._fdopen  0x000032c0       0x6a c:/nxp/lpcxpresso_7.3.0_186/lpcxpresso/tools/bin/../lib/gcc/arm-none-eabi/4.8.4/../../../../arm-none-eabi/lib/armv7-m\libcr_c.a(_fdopen.o)
                0x000032c0                _fdopen
 .text._fflush  0x0000332a       0x58 c:/nxp/lpcxpresso_7.3.0_186/lpcxpresso/tools/bin/../lib/gcc/arm-none-eabi/4.8.4/../../../../arm-none-eabi/lib/armv7-m\libcr_c.a(_fflush.o)
                0x0000332a                _fflush
 *fill*         0x00003382        0x2 
 .text._Cwritebuf
                0x00003384       0x70 c:/nxp/lpcxpresso_7.3.0_186/lpcxpresso/tools/bin/../lib/gcc/arm-none-eabi/4.8.4/../../../../arm-none-eabi/lib/armv7-m\libcr_c.a(_writebuf.o)
                0x00003384                _Cwritebuf
 .text.malloc   0x000033f4       0xc4 c:/nxp/lpcxpresso_7.3.0_186/lpcxpresso/tools/bin/../lib/gcc/arm-none-eabi/4.8.4/../../../../arm-none-eabi/lib/armv7-m\libcr_c.a(alloc.o)
                0x000033f4                malloc
 .text.free     0x000034b8        0xc c:/nxp/lpcxpresso_7.3.0_186/lpcxpresso/tools/bin/../lib/gcc/arm-none-eabi/4.8.4/../../../../arm-none-eabi/lib/armv7-m\libcr_c.a(alloc.o)
                0x000034b8                free
 .text._Csys_alloc
                0x000034c4       0x20 c:/nxp/lpcxpresso_7.3.0_186/lpcxpresso/tools/bin/../lib/gcc/arm-none-eabi/4.8.4/../../../../arm-none-eabi/lib/armv7-m\libcr_c.a(alloc.o)
                0x000034c4                _Csys_alloc
 .text.fclose   0x000034e4       0x6c c:/nxp/lpcxpresso_7.3.0_186/lpcxpresso/tools/bin/../lib/gcc/arm-none-eabi/4.8.4/../../../../arm-none-eabi/lib/armv7-m\libcr_c.a(fclose.o)
                0x000034e4                fclose
 .text.fflush   0x00003550       0x30 c:/nxp/lpcxpresso_7.3.0_186/lpcxpresso/tools/bin/../lib/gcc/arm-none-eabi/4.8.4/../../../../arm-none-eabi/lib/armv7-m\libcr_c.a(fflush.o)
                0x00003550                fflush
 .text.fseek    0x00003580      0x10c c:/nxp/lpcxpresso_7.3.0_186/lpcxpresso/tools/bin/../lib/gcc/arm-none-eabi/4.8.4/../../../../arm-none-eabi/lib/armv7-m\libcr_c.a(fseek.o)
                0x00003580                fseek
 .text.ftell    0x0000368c       0x4c c:/nxp/lpcxpresso_7.3.0_186/lpcxpresso/tools/bin/../lib/gcc/arm-none-eabi/4.8.4/../../../../arm-none-eabi/lib/armv7-m\libcr_c.a(ftell.o)
                0x0000368c                ftell
 .text.remove   0x000036d8       0x14 c:/nxp/lpcxpresso_7.3.0_186/lpcxpresso/tools/bin/../lib/gcc/arm-none-eabi/4.8.4/../../../../arm-none-eabi/lib/armv7-m\libcr_c.a(remove.o)
                0x000036d8                remove
 .text._sbrk    0x000036ec       0x40 c:/nxp/lpcxpresso_7.3.0_186/lpcxpresso/tools/bin/../lib/gcc/arm-none-eabi/4.8.4/../../../../arm-none-eabi/lib/armv7-m\libcr_c.a(_cr_sbrk.o)
                0x000036ec                _sbrk
 .text._do_fflush
                0x0000372c       0x44 c:/nxp/lpcxpresso_7.3.0_186/lpcxpresso/tools/bin/../lib/gcc/arm-none-eabi/4.8.4/../../../../arm-none-eabi/lib/armv7-m\libcr_c.a(_do_fflush.o)
                0x0000372c                _do_fflush
 .text.__check_heap_overflow
                0x00003770       0x18 c:/nxp/lpcxpresso_7.3.0_186/lpcxpresso/tools/bin/../lib/gcc/arm-none-eabi/4.8.4/../../../../arm-none-eabi/lib/armv7-m\libcr_c.a(_cr_check_heap.o)
                0x00003770                __check_heap_overflow
 .text.__aeabi_memcpy
                0x00003788       0x2a c:/nxp/lpcxpresso_7.3.0_186/lpcxpresso/tools/bin/../lib/gcc/arm-none-eabi/4.8.4/armv7-m\libcr_eabihelpers.a(memcpy.o)
                0x00003788                __aeabi_memcpy4
                0x00003788                __aeabi_memcpy8
                0x00003788                __aeabi_memcpy
 .text.__aeabi_memset_lowlevel
                0x000037b2       0x2c c:/nxp/lpcxpresso_7.3.0_186/lpcxpresso/tools/bin/../lib/gcc/arm-none-eabi/4.8.4/armv7-m\libcr_eabihelpers.a(memcpy.o)
                0x000037b2                __aeabi_lowlevel_memset
 *fill*         0x000037de        0x2 
 .text.__sys_appexit
                0x000037e0        0xc c:/nxp/lpcxpresso_7.3.0_186/lpcxpresso/tools/bin/../lib/gcc/arm-none-eabi/4.8.4/../../../../arm-none-eabi/lib/armv7-m\libcr_semihost.a(__sys_appexit.o)
                0x000037e0                __sys_appexit
                0x000037e0                __exit
 .text.__sys_close
                0x000037ec        0xc c:/nxp/lpcxpresso_7.3.0_186/lpcxpresso/tools/bin/../lib/gcc/arm-none-eabi/4.8.4/../../../../arm-none-eabi/lib/armv7-m\libcr_semihost.a(__sys_close.o)
                0x000037ec                __sys_close
 .text.__sys_flen
                0x000037f8        0xc c:/nxp/lpcxpresso_7.3.0_186/lpcxpresso/tools/bin/../lib/gcc/arm-none-eabi/4.8.4/../../../../arm-none-eabi/lib/armv7-m\libcr_semihost.a(__sys_flen.o)
                0x000037f8                __sys_flen
 .text.__sys_istty
                0x00003804        0xc c:/nxp/lpcxpresso_7.3.0_186/lpcxpresso/tools/bin/../lib/gcc/arm-none-eabi/4.8.4/../../../../arm-none-eabi/lib/armv7-m\libcr_semihost.a(__sys_istty.o)
                0x00003804                __sys_istty
 .text.__sys_remove
                0x00003810        0xc c:/nxp/lpcxpresso_7.3.0_186/lpcxpresso/tools/bin/../lib/gcc/arm-none-eabi/4.8.4/../../../../arm-none-eabi/lib/armv7-m\libcr_semihost.a(__sys_remove.o)
                0x00003810                __sys_remove
 .text.__sys_seek
                0x0000381c        0xc c:/nxp/lpcxpresso_7.3.0_186/lpcxpresso/tools/bin/../lib/gcc/arm-none-eabi/4.8.4/../../../../arm-none-eabi/lib/armv7-m\libcr_semihost.a(__sys_seek.o)
                0x0000381c                __sys_seek
 .text.__sys_tmpnam
                0x00003828        0xc c:/nxp/lpcxpresso_7.3.0_186/lpcxpresso/tools/bin/../lib/gcc/arm-none-eabi/4.8.4/../../../../arm-none-eabi/lib/armv7-m\libcr_semihost.a(__sys_tmpnam.o)
                0x00003828                __sys_tmpnam
 .text.__sys_write
                0x00003834        0xc c:/nxp/lpcxpresso_7.3.0_186/lpcxpresso/tools/bin/../lib/gcc/arm-none-eabi/4.8.4/../../../../arm-none-eabi/lib/armv7-m\libcr_semihost.a(__sys_write.o)
                0x00003834                __sys_write
                0x00003834                __write
 *(.rodata .rodata.* .constdata .constdata.*)
 .rodata        0x00003840      0x5f8 ./src/easyweb.o
                0x00003840                GetResponse
                0x00003870                MyIP
                0x00003874                SubnetMask
                0x00003878                GatewayIP
                0x0000387c                WebSide
 .rodata        0x00003e38        0x8 ./src/tcpip.o
                0x00003e38                MyMAC
 .rodata.str1.1
                0x00003e40        0x4 c:/nxp/lpcxpresso_7.3.0_186/lpcxpresso/tools/bin/../lib/gcc/arm-none-eabi/4.8.4/../../../../arm-none-eabi/lib/armv7-m\libcr_c.a(initio.o)
 .rodata.str1.1
                0x00003e44       0x37 c:/nxp/lpcxpresso_7.3.0_186/lpcxpresso/tools/bin/../lib/gcc/arm-none-eabi/4.8.4/../../../../arm-none-eabi/lib/armv7-m\libcr_c.a(printf.o)
                                 0x38 (size before relaxing)
 .rodata.str1.1
                0x00003e7b       0x18 c:/nxp/lpcxpresso_7.3.0_186/lpcxpresso/tools/bin/../lib/gcc/arm-none-eabi/4.8.4/../../../../arm-none-eabi/lib/armv7-m\libcr_c.a(alloc.o)
                0x00003e94                . = ALIGN (0x4)
 *fill*         0x00003e93        0x1 ff

.glue_7         0x00003e94        0x0
 .glue_7        0x00000000        0x0 linker stubs

.glue_7t        0x00003e94        0x0
 .glue_7t       0x00000000        0x0 linker stubs

.vfp11_veneer   0x00003e94        0x0
 .vfp11_veneer  0x00000000        0x0 linker stubs

.v4_bx          0x00003e94        0x0
 .v4_bx         0x00000000        0x0 linker stubs

.iplt           0x00003e94        0x0
 .iplt          0x00000000        0x0 ./src/cr_startup_lpc176x.o

.rel.dyn        0x00003e94        0x0
 .rel.iplt      0x00000000        0x0 ./src/cr_startup_lpc176x.o

.ARM.extab
 *(.ARM.extab* .gnu.linkonce.armextab.*)
                0x00003e94                __exidx_start = .

.ARM.exidx
 *(.ARM.exidx* .gnu.linkonce.armexidx.*)
                0x00003e94                __exidx_end = .
                0x00003e94                _etext = .

.data_RAM2      0x2007c000        0x0 load address 0x00003e94
 FILL mask 0xff
 *(.ramfunc.$RAM2)
 *(.ramfunc.$RamAHB32)
 *(.data.$RAM2*)
 *(.data.$RamAHB32*)
                0x2007c000                . = ALIGN (0x4)

.uninit_RESERVED
                0x10000000        0x0
 *(.bss.$RESERVED*)
                0x10000000                . = ALIGN (0x4)
                0x10000000                _end_uninit_RESERVED = .

.data           0x10000000        0x8 load address 0x00003e94
 FILL mask 0xff
                0x10000000                _data = .
 *(vtable)
 *(.ramfunc*)
 *(.data*)
 .data          0x10000000        0x4 ./src/easyweb.o
                0x10000000                aaScrollbar
 .data.SystemCoreClock
                0x10000004        0x4 C:\Users\roney\Documents\LPCXpresso_7.3.0_186\workspace_CMSIS_teste2\CMSISv2p00_LPC17xx\Debug\libCMSISv2p00_LPC17xx.a(system_LPC17xx.o)
                0x10000004                SystemCoreClock
                0x10000008                . = ALIGN (0x4)
                0x10000008                _edata = .

.igot.plt       0x10000008        0x0 load address 0x00003e9c
 .igot.plt      0x00000000        0x0 ./src/cr_startup_lpc176x.o

.bss_RAM2       0x2007c000        0x0
 *(.bss.$RAM2*)
 *(.bss.$RamAHB32*)
                0x2007c000                . = ALIGN (0x4)

.bss            0x10000008      0x544
                0x10000008                _bss = .
 *(.bss*)
 .bss           0x10000008        0x8 ./src/easyweb.o
                0x10000008                aaPagecounter
                0x1000000c                adcValue
 .bss           0x10000010        0x8 ./src/ethmac.o
 .bss           0x10000018        0x8 ./src/ew_systick.o
                0x10000018                TimeTick
                0x1000001c                TimeTick2
 .bss.errno     0x10000020        0x4 c:/nxp/lpcxpresso_7.3.0_186/lpcxpresso/tools/bin/../lib/gcc/arm-none-eabi/4.8.4/../../../../arm-none-eabi/lib/armv7-m\libcr_c.a(errno.o)
                0x10000020                errno
 *(COMMON)
 COMMON         0x10000024      0x3da ./src/easyweb.o
                0x10000024                TCPTimer
                0x10000028                HTTPBytesToSend
                0x1000002c                TCPRxDataCount
                0x1000002e                HTTPStatus
                0x10000030                TCPTxDataCount
                0x10000034                RecdFrameIP
                0x10000038                RemoteMAC
                0x1000003e                TCPStateMachine
                0x10000040                TCPUNASeqNr
                0x10000044                TCPLocalPort
                0x10000048                _RxTCPBuffer
                0x10000148                ITM_RxBuffer
                0x1000014c                TCPFlags
                0x10000150                RecdFrameMAC
                0x10000156                RecdIPFrameLength
                0x10000158                PWebSide
                0x1000015c                RemoteIP
                0x10000160                LastFrameSent
                0x10000162                TCPRemotePort
                0x10000164                TxFrame2Size
                0x10000168                TCPAckNr
                0x1000016c                TransmitControl
                0x1000016e                TxFrame1Size
                0x10000170                ISNGenHigh
                0x10000174                _TxFrame2
                0x100001be                RecdFrameLength
                0x100001c0                _TxFrame1
                0x100003f8                TCPSeqNr
                0x100003fc                RetryCounter
                0x100003fd                SocketStatus
 *fill*         0x100003fe        0x2 
 COMMON         0x10000400        0x4 c:/nxp/lpcxpresso_7.3.0_186/lpcxpresso/tools/bin/../lib/gcc/arm-none-eabi/4.8.4/../../../../arm-none-eabi/lib/armv7-m\libcr_c.a(initio.o)
                0x10000400                _extra
 COMMON         0x10000404      0x140 c:/nxp/lpcxpresso_7.3.0_186/lpcxpresso/tools/bin/../lib/gcc/arm-none-eabi/4.8.4/../../../../arm-none-eabi/lib/armv7-m\libcr_c.a(stdio.o)
                0x10000404                __Ciob
 COMMON         0x10000544        0x8 c:/nxp/lpcxpresso_7.3.0_186/lpcxpresso/tools/bin/../lib/gcc/arm-none-eabi/4.8.4/../../../../arm-none-eabi/lib/armv7-m\libcr_c.a(__init_alloc.o)
                0x10000544                __heaps
                0x10000548                __end_of_heap
                0x1000054c                . = ALIGN (0x4)
                0x1000054c                _ebss = .
                0x1000054c                PROVIDE (end, .)

.noinit_RAM2    0x2007c000        0x0
 *(.noinit.$RAM2*)
 *(.noinit.$RamAHB32*)
                0x2007c000                . = ALIGN (0x4)

.noinit         0x1000054c        0x0
                0x1000054c                _noinit = .
 *(.noinit*)
                0x1000054c                . = ALIGN (0x4)
                0x1000054c                _end_noinit = .
                0x1000054c                PROVIDE (_pvHeapStart, .)
                0x10008000                PROVIDE (_vStackTop, (__top_RamLoc32 - 0x0))
OUTPUT(LPCX176x_cmsis2_EasyWeb.axf elf32-littlearm)

.debug_info     0x00000000     0x282f
 .debug_info    0x00000000      0x2be ./src/cr_startup_lpc176x.o
 .debug_info    0x000002be      0x500 ./src/easyweb.o
 .debug_info    0x000007be      0xa9f ./src/ethmac.o
 .debug_info    0x0000125d      0x816 ./src/ew_systick.o
 .debug_info    0x00001a73      0xaa4 ./src/tcpip.o
 .debug_info    0x00002517      0x318 C:\Users\roney\Documents\LPCXpresso_7.3.0_186\workspace_CMSIS_teste2\CMSISv2p00_LPC17xx\Debug\libCMSISv2p00_LPC17xx.a(system_LPC17xx.o)

.debug_abbrev   0x00000000      0x998
 .debug_abbrev  0x00000000      0x12b ./src/cr_startup_lpc176x.o
 .debug_abbrev  0x0000012b      0x128 ./src/easyweb.o
 .debug_abbrev  0x00000253      0x242 ./src/ethmac.o
 .debug_abbrev  0x00000495      0x1b0 ./src/ew_systick.o
 .debug_abbrev  0x00000645      0x26d ./src/tcpip.o
 .debug_abbrev  0x000008b2       0xe6 C:\Users\roney\Documents\LPCXpresso_7.3.0_186\workspace_CMSIS_teste2\CMSISv2p00_LPC17xx\Debug\libCMSISv2p00_LPC17xx.a(system_LPC17xx.o)

.debug_loc      0x00000000      0x15f
 .debug_loc     0x00000000      0x15f ./src/cr_startup_lpc176x.o

.debug_aranges  0x00000000      0x2a8
 .debug_aranges
                0x00000000       0x80 ./src/cr_startup_lpc176x.o
 .debug_aranges
                0x00000080       0x38 ./src/easyweb.o
 .debug_aranges
                0x000000b8       0x88 ./src/ethmac.o
 .debug_aranges
                0x00000140       0x38 ./src/ew_systick.o
 .debug_aranges
                0x00000178      0x108 ./src/tcpip.o
 .debug_aranges
                0x00000280       0x28 C:\Users\roney\Documents\LPCXpresso_7.3.0_186\workspace_CMSIS_teste2\CMSISv2p00_LPC17xx\Debug\libCMSISv2p00_LPC17xx.a(system_LPC17xx.o)

.debug_ranges   0x00000000      0x248
 .debug_ranges  0x00000000       0x70 ./src/cr_startup_lpc176x.o
 .debug_ranges  0x00000070       0x28 ./src/easyweb.o
 .debug_ranges  0x00000098       0x78 ./src/ethmac.o
 .debug_ranges  0x00000110       0x28 ./src/ew_systick.o
 .debug_ranges  0x00000138       0xf8 ./src/tcpip.o
 .debug_ranges  0x00000230       0x18 C:\Users\roney\Documents\LPCXpresso_7.3.0_186\workspace_CMSIS_teste2\CMSISv2p00_LPC17xx\Debug\libCMSISv2p00_LPC17xx.a(system_LPC17xx.o)

.debug_macro    0x00000000     0x396f
 .debug_macro   0x00000000       0x52 ./src/cr_startup_lpc176x.o
 .debug_macro   0x00000052      0x868 ./src/cr_startup_lpc176x.o
 .debug_macro   0x000008ba       0x10 ./src/cr_startup_lpc176x.o
 .debug_macro   0x000008ca      0x122 ./src/cr_startup_lpc176x.o
 .debug_macro   0x000009ec      0x5b9 ./src/cr_startup_lpc176x.o
 .debug_macro   0x00000fa5       0xe0 ./src/easyweb.o
 .debug_macro   0x00001085      0x862 ./src/easyweb.o
 .debug_macro   0x000018e7       0x28 ./src/easyweb.o
 .debug_macro   0x0000190f       0xd2 ./src/easyweb.o
 .debug_macro   0x000019e1       0x82 ./src/easyweb.o
 .debug_macro   0x00001a63       0x34 ./src/easyweb.o
 .debug_macro   0x00001a97       0x10 ./src/easyweb.o
 .debug_macro   0x00001aa7      0x5e5 ./src/easyweb.o
 .debug_macro   0x0000208c      0x2db ./src/easyweb.o
 .debug_macro   0x00002367       0x1c ./src/easyweb.o
 .debug_macro   0x00002383       0x2e ./src/easyweb.o
 .debug_macro   0x000023b1       0x18 ./src/easyweb.o
 .debug_macro   0x000023c9      0x7af ./src/easyweb.o
 .debug_macro   0x00002b78      0x2c7 ./src/easyweb.o
 .debug_macro   0x00002e3f       0x9f ./src/ethmac.o
 .debug_macro   0x00002ede       0x75 ./src/ew_systick.o
 .debug_macro   0x00002f53       0x9b ./src/tcpip.o
 .debug_macro   0x00002fee      0x12b C:\Users\roney\Documents\LPCXpresso_7.3.0_186\workspace_CMSIS_teste2\CMSISv2p00_LPC17xx\Debug\libCMSISv2p00_LPC17xx.a(system_LPC17xx.o)
 .debug_macro   0x00003119      0x856 C:\Users\roney\Documents\LPCXpresso_7.3.0_186\workspace_CMSIS_teste2\CMSISv2p00_LPC17xx\Debug\libCMSISv2p00_LPC17xx.a(system_LPC17xx.o)

.debug_line     0x00000000     0x1284
 .debug_line    0x00000000      0x1ca ./src/cr_startup_lpc176x.o
 .debug_line    0x000001ca      0x332 ./src/easyweb.o
 .debug_line    0x000004fc      0x3b7 ./src/ethmac.o
 .debug_line    0x000008b3      0x204 ./src/ew_systick.o
 .debug_line    0x00000ab7      0x5f5 ./src/tcpip.o
 .debug_line    0x000010ac      0x1d8 C:\Users\roney\Documents\LPCXpresso_7.3.0_186\workspace_CMSIS_teste2\CMSISv2p00_LPC17xx\Debug\libCMSISv2p00_LPC17xx.a(system_LPC17xx.o)

.debug_str      0x00000000     0xba0e
 .debug_str     0x00000000     0x3cc7 ./src/cr_startup_lpc176x.o
                               0x3d46 (size before relaxing)
 .debug_str     0x00003cc7     0x6c91 ./src/easyweb.o
                               0xa79e (size before relaxing)
 .debug_str     0x0000a958      0x5d8 ./src/ethmac.o
                               0xa200 (size before relaxing)
 .debug_str     0x0000af30      0x43b ./src/ew_systick.o
                               0x80c3 (size before relaxing)
 .debug_str     0x0000b36b      0x2bf ./src/tcpip.o
                               0xa285 (size before relaxing)
 .debug_str     0x0000b62a      0x3e4 C:\Users\roney\Documents\LPCXpresso_7.3.0_186\workspace_CMSIS_teste2\CMSISv2p00_LPC17xx\Debug\libCMSISv2p00_LPC17xx.a(system_LPC17xx.o)
                               0x8049 (size before relaxing)

.comment        0x00000000       0xe0
 .comment       0x00000000       0x70 ./src/cr_startup_lpc176x.o
                                 0x71 (size before relaxing)
 .comment       0x00000000       0x71 ./src/easyweb.o
 .comment       0x00000000       0x71 ./src/ethmac.o
 .comment       0x00000000       0x71 ./src/ew_systick.o
 .comment       0x00000000       0x71 ./src/tcpip.o
 .comment       0x00000000       0x71 C:\Users\roney\Documents\LPCXpresso_7.3.0_186\workspace_CMSIS_teste2\CMSISv2p00_LPC17xx\Debug\libCMSISv2p00_LPC17xx.a(system_LPC17xx.o)
 .comment       0x00000070       0x70 c:/nxp/lpcxpresso_7.3.0_186/lpcxpresso/tools/bin/../lib/gcc/arm-none-eabi/4.8.4/../../../../arm-none-eabi/lib/armv7-m\libcr_semihost.a(_cr__main.o)
                                 0x71 (size before relaxing)
 .comment       0x00000000       0x71 c:/nxp/lpcxpresso_7.3.0_186/lpcxpresso/tools/bin/../lib/gcc/arm-none-eabi/4.8.4/../../../../arm-none-eabi/lib/armv7-m\libcr_c.a(memcpy.o)
 .comment       0x00000000       0x71 c:/nxp/lpcxpresso_7.3.0_186/lpcxpresso/tools/bin/../lib/gcc/arm-none-eabi/4.8.4/../../../../arm-none-eabi/lib/armv7-m\libcr_c.a(memset.o)
 .comment       0x00000000       0x71 c:/nxp/lpcxpresso_7.3.0_186/lpcxpresso/tools/bin/../lib/gcc/arm-none-eabi/4.8.4/../../../../arm-none-eabi/lib/armv7-m\libcr_c.a(initio.o)
 .comment       0x00000000       0x71 c:/nxp/lpcxpresso_7.3.0_186/lpcxpresso/tools/bin/../lib/gcc/arm-none-eabi/4.8.4/../../../../arm-none-eabi/lib/armv7-m\libcr_c.a(memcmp.o)
 .comment       0x00000000       0x71 c:/nxp/lpcxpresso_7.3.0_186/lpcxpresso/tools/bin/../lib/gcc/arm-none-eabi/4.8.4/../../../../arm-none-eabi/lib/armv7-m\libcr_c.a(printf.o)
 .comment       0x00000000       0x71 c:/nxp/lpcxpresso_7.3.0_186/lpcxpresso/tools/bin/../lib/gcc/arm-none-eabi/4.8.4/../../../../arm-none-eabi/lib/armv7-m\libcr_c.a(setvbuf.o)
 .comment       0x00000000       0x71 c:/nxp/lpcxpresso_7.3.0_186/lpcxpresso/tools/bin/../lib/gcc/arm-none-eabi/4.8.4/../../../../arm-none-eabi/lib/armv7-m\libcr_c.a(stdio.o)
 .comment       0x00000000       0x71 c:/nxp/lpcxpresso_7.3.0_186/lpcxpresso/tools/bin/../lib/gcc/arm-none-eabi/4.8.4/../../../../arm-none-eabi/lib/armv7-m\libcr_c.a(strlen.o)
 .comment       0x00000000       0x71 c:/nxp/lpcxpresso_7.3.0_186/lpcxpresso/tools/bin/../lib/gcc/arm-none-eabi/4.8.4/../../../../arm-none-eabi/lib/armv7-m\libcr_c.a(_deferredlazyseek.o)
 .comment       0x00000000       0x71 c:/nxp/lpcxpresso_7.3.0_186/lpcxpresso/tools/bin/../lib/gcc/arm-none-eabi/4.8.4/../../../../arm-none-eabi/lib/armv7-m\libcr_c.a(_fdopen.o)
 .comment       0x00000000       0x71 c:/nxp/lpcxpresso_7.3.0_186/lpcxpresso/tools/bin/../lib/gcc/arm-none-eabi/4.8.4/../../../../arm-none-eabi/lib/armv7-m\libcr_c.a(_fflush.o)
 .comment       0x00000000       0x71 c:/nxp/lpcxpresso_7.3.0_186/lpcxpresso/tools/bin/../lib/gcc/arm-none-eabi/4.8.4/../../../../arm-none-eabi/lib/armv7-m\libcr_c.a(_writebuf.o)
 .comment       0x00000000       0x71 c:/nxp/lpcxpresso_7.3.0_186/lpcxpresso/tools/bin/../lib/gcc/arm-none-eabi/4.8.4/../../../../arm-none-eabi/lib/armv7-m\libcr_c.a(alloc.o)
 .comment       0x00000000       0x71 c:/nxp/lpcxpresso_7.3.0_186/lpcxpresso/tools/bin/../lib/gcc/arm-none-eabi/4.8.4/../../../../arm-none-eabi/lib/armv7-m\libcr_c.a(fclose.o)
 .comment       0x00000000       0x71 c:/nxp/lpcxpresso_7.3.0_186/lpcxpresso/tools/bin/../lib/gcc/arm-none-eabi/4.8.4/../../../../arm-none-eabi/lib/armv7-m\libcr_c.a(fflush.o)
 .comment       0x00000000       0x71 c:/nxp/lpcxpresso_7.3.0_186/lpcxpresso/tools/bin/../lib/gcc/arm-none-eabi/4.8.4/../../../../arm-none-eabi/lib/armv7-m\libcr_c.a(fseek.o)
 .comment       0x00000000       0x71 c:/nxp/lpcxpresso_7.3.0_186/lpcxpresso/tools/bin/../lib/gcc/arm-none-eabi/4.8.4/../../../../arm-none-eabi/lib/armv7-m\libcr_c.a(ftell.o)
 .comment       0x00000000       0x71 c:/nxp/lpcxpresso_7.3.0_186/lpcxpresso/tools/bin/../lib/gcc/arm-none-eabi/4.8.4/../../../../arm-none-eabi/lib/armv7-m\libcr_c.a(remove.o)
 .comment       0x00000000       0x71 c:/nxp/lpcxpresso_7.3.0_186/lpcxpresso/tools/bin/../lib/gcc/arm-none-eabi/4.8.4/../../../../arm-none-eabi/lib/armv7-m\libcr_c.a(__init_alloc.o)
 .comment       0x00000000       0x71 c:/nxp/lpcxpresso_7.3.0_186/lpcxpresso/tools/bin/../lib/gcc/arm-none-eabi/4.8.4/../../../../arm-none-eabi/lib/armv7-m\libcr_c.a(_cr_sbrk.o)
 .comment       0x00000000       0x71 c:/nxp/lpcxpresso_7.3.0_186/lpcxpresso/tools/bin/../lib/gcc/arm-none-eabi/4.8.4/../../../../arm-none-eabi/lib/armv7-m\libcr_c.a(_do_fflush.o)
 .comment       0x00000000       0x71 c:/nxp/lpcxpresso_7.3.0_186/lpcxpresso/tools/bin/../lib/gcc/arm-none-eabi/4.8.4/../../../../arm-none-eabi/lib/armv7-m\libcr_c.a(errno.o)
 .comment       0x00000000       0x71 c:/nxp/lpcxpresso_7.3.0_186/lpcxpresso/tools/bin/../lib/gcc/arm-none-eabi/4.8.4/../../../../arm-none-eabi/lib/armv7-m\libcr_c.a(_cr_check_heap.o)

.ARM.attributes
                0x00000000       0x31
 .ARM.attributes
                0x00000000       0x33 ./src/cr_startup_lpc176x.o
 .ARM.attributes
                0x00000033       0x33 ./src/easyweb.o
 .ARM.attributes
                0x00000066       0x33 ./src/ethmac.o
 .ARM.attributes
                0x00000099       0x33 ./src/ew_systick.o
 .ARM.attributes
                0x000000cc       0x33 ./src/tcpip.o
 .ARM.attributes
                0x000000ff       0x33 C:\Users\roney\Documents\LPCXpresso_7.3.0_186\workspace_CMSIS_teste2\CMSISv2p00_LPC17xx\Debug\libCMSISv2p00_LPC17xx.a(system_LPC17xx.o)
 .ARM.attributes
                0x00000132       0x33 c:/nxp/lpcxpresso_7.3.0_186/lpcxpresso/tools/bin/../lib/gcc/arm-none-eabi/4.8.4/../../../../arm-none-eabi/lib/armv7-m\libcr_semihost.a(_cr__main.o)
 .ARM.attributes
                0x00000165       0x33 c:/nxp/lpcxpresso_7.3.0_186/lpcxpresso/tools/bin/../lib/gcc/arm-none-eabi/4.8.4/../../../../arm-none-eabi/lib/armv7-m\libcr_c.a(memcpy.o)
 .ARM.attributes
                0x00000198       0x33 c:/nxp/lpcxpresso_7.3.0_186/lpcxpresso/tools/bin/../lib/gcc/arm-none-eabi/4.8.4/../../../../arm-none-eabi/lib/armv7-m\libcr_c.a(memset.o)
 .ARM.attributes
                0x000001cb       0x33 c:/nxp/lpcxpresso_7.3.0_186/lpcxpresso/tools/bin/../lib/gcc/arm-none-eabi/4.8.4/../../../../arm-none-eabi/lib/armv7-m\libcr_c.a(initio.o)
 .ARM.attributes
                0x000001fe       0x33 c:/nxp/lpcxpresso_7.3.0_186/lpcxpresso/tools/bin/../lib/gcc/arm-none-eabi/4.8.4/../../../../arm-none-eabi/lib/armv7-m\libcr_c.a(memcmp.o)
 .ARM.attributes
                0x00000231       0x33 c:/nxp/lpcxpresso_7.3.0_186/lpcxpresso/tools/bin/../lib/gcc/arm-none-eabi/4.8.4/../../../../arm-none-eabi/lib/armv7-m\libcr_c.a(printf.o)
 .ARM.attributes
                0x00000264       0x33 c:/nxp/lpcxpresso_7.3.0_186/lpcxpresso/tools/bin/../lib/gcc/arm-none-eabi/4.8.4/../../../../arm-none-eabi/lib/armv7-m\libcr_c.a(setvbuf.o)
 .ARM.attributes
                0x00000297       0x33 c:/nxp/lpcxpresso_7.3.0_186/lpcxpresso/tools/bin/../lib/gcc/arm-none-eabi/4.8.4/../../../../arm-none-eabi/lib/armv7-m\libcr_c.a(stdio.o)
 .ARM.attributes
                0x000002ca       0x33 c:/nxp/lpcxpresso_7.3.0_186/lpcxpresso/tools/bin/../lib/gcc/arm-none-eabi/4.8.4/../../../../arm-none-eabi/lib/armv7-m\libcr_c.a(strlen.o)
 .ARM.attributes
                0x000002fd       0x33 c:/nxp/lpcxpresso_7.3.0_186/lpcxpresso/tools/bin/../lib/gcc/arm-none-eabi/4.8.4/../../../../arm-none-eabi/lib/armv7-m\libcr_c.a(_deferredlazyseek.o)
 .ARM.attributes
                0x00000330       0x33 c:/nxp/lpcxpresso_7.3.0_186/lpcxpresso/tools/bin/../lib/gcc/arm-none-eabi/4.8.4/../../../../arm-none-eabi/lib/armv7-m\libcr_c.a(_fdopen.o)
 .ARM.attributes
                0x00000363       0x33 c:/nxp/lpcxpresso_7.3.0_186/lpcxpresso/tools/bin/../lib/gcc/arm-none-eabi/4.8.4/../../../../arm-none-eabi/lib/armv7-m\libcr_c.a(_fflush.o)
 .ARM.attributes
                0x00000396       0x33 c:/nxp/lpcxpresso_7.3.0_186/lpcxpresso/tools/bin/../lib/gcc/arm-none-eabi/4.8.4/../../../../arm-none-eabi/lib/armv7-m\libcr_c.a(_writebuf.o)
 .ARM.attributes
                0x000003c9       0x33 c:/nxp/lpcxpresso_7.3.0_186/lpcxpresso/tools/bin/../lib/gcc/arm-none-eabi/4.8.4/../../../../arm-none-eabi/lib/armv7-m\libcr_c.a(alloc.o)
 .ARM.attributes
                0x000003fc       0x33 c:/nxp/lpcxpresso_7.3.0_186/lpcxpresso/tools/bin/../lib/gcc/arm-none-eabi/4.8.4/../../../../arm-none-eabi/lib/armv7-m\libcr_c.a(fclose.o)
 .ARM.attributes
                0x0000042f       0x33 c:/nxp/lpcxpresso_7.3.0_186/lpcxpresso/tools/bin/../lib/gcc/arm-none-eabi/4.8.4/../../../../arm-none-eabi/lib/armv7-m\libcr_c.a(fflush.o)
 .ARM.attributes
                0x00000462       0x33 c:/nxp/lpcxpresso_7.3.0_186/lpcxpresso/tools/bin/../lib/gcc/arm-none-eabi/4.8.4/../../../../arm-none-eabi/lib/armv7-m\libcr_c.a(fseek.o)
 .ARM.attributes
                0x00000495       0x33 c:/nxp/lpcxpresso_7.3.0_186/lpcxpresso/tools/bin/../lib/gcc/arm-none-eabi/4.8.4/../../../../arm-none-eabi/lib/armv7-m\libcr_c.a(ftell.o)
 .ARM.attributes
                0x000004c8       0x33 c:/nxp/lpcxpresso_7.3.0_186/lpcxpresso/tools/bin/../lib/gcc/arm-none-eabi/4.8.4/../../../../arm-none-eabi/lib/armv7-m\libcr_c.a(remove.o)
 .ARM.attributes
                0x000004fb       0x33 c:/nxp/lpcxpresso_7.3.0_186/lpcxpresso/tools/bin/../lib/gcc/arm-none-eabi/4.8.4/../../../../arm-none-eabi/lib/armv7-m\libcr_c.a(__init_alloc.o)
 .ARM.attributes
                0x0000052e       0x33 c:/nxp/lpcxpresso_7.3.0_186/lpcxpresso/tools/bin/../lib/gcc/arm-none-eabi/4.8.4/../../../../arm-none-eabi/lib/armv7-m\libcr_c.a(_cr_sbrk.o)
 .ARM.attributes
                0x00000561       0x33 c:/nxp/lpcxpresso_7.3.0_186/lpcxpresso/tools/bin/../lib/gcc/arm-none-eabi/4.8.4/../../../../arm-none-eabi/lib/armv7-m\libcr_c.a(_do_fflush.o)
 .ARM.attributes
                0x00000594       0x33 c:/nxp/lpcxpresso_7.3.0_186/lpcxpresso/tools/bin/../lib/gcc/arm-none-eabi/4.8.4/../../../../arm-none-eabi/lib/armv7-m\libcr_c.a(errno.o)
 .ARM.attributes
                0x000005c7       0x33 c:/nxp/lpcxpresso_7.3.0_186/lpcxpresso/tools/bin/../lib/gcc/arm-none-eabi/4.8.4/../../../../arm-none-eabi/lib/armv7-m\libcr_c.a(_cr_check_heap.o)
 .ARM.attributes
                0x000005fa       0x21 c:/nxp/lpcxpresso_7.3.0_186/lpcxpresso/tools/bin/../lib/gcc/arm-none-eabi/4.8.4/armv7-m\libcr_eabihelpers.a(memcpy.o)
 .ARM.attributes
                0x0000061b       0x21 c:/nxp/lpcxpresso_7.3.0_186/lpcxpresso/tools/bin/../lib/gcc/arm-none-eabi/4.8.4/../../../../arm-none-eabi/lib/armv7-m\libcr_semihost.a(__sys_appexit.o)
 .ARM.attributes
                0x0000063c       0x21 c:/nxp/lpcxpresso_7.3.0_186/lpcxpresso/tools/bin/../lib/gcc/arm-none-eabi/4.8.4/../../../../arm-none-eabi/lib/armv7-m\libcr_semihost.a(__sys_close.o)
 .ARM.attributes
                0x0000065d       0x21 c:/nxp/lpcxpresso_7.3.0_186/lpcxpresso/tools/bin/../lib/gcc/arm-none-eabi/4.8.4/../../../../arm-none-eabi/lib/armv7-m\libcr_semihost.a(__sys_flen.o)
 .ARM.attributes
                0x0000067e       0x21 c:/nxp/lpcxpresso_7.3.0_186/lpcxpresso/tools/bin/../lib/gcc/arm-none-eabi/4.8.4/../../../../arm-none-eabi/lib/armv7-m\libcr_semihost.a(__sys_istty.o)
 .ARM.attributes
                0x0000069f       0x21 c:/nxp/lpcxpresso_7.3.0_186/lpcxpresso/tools/bin/../lib/gcc/arm-none-eabi/4.8.4/../../../../arm-none-eabi/lib/armv7-m\libcr_semihost.a(__sys_remove.o)
 .ARM.attributes
                0x000006c0       0x21 c:/nxp/lpcxpresso_7.3.0_186/lpcxpresso/tools/bin/../lib/gcc/arm-none-eabi/4.8.4/../../../../arm-none-eabi/lib/armv7-m\libcr_semihost.a(__sys_seek.o)
 .ARM.attributes
                0x000006e1       0x21 c:/nxp/lpcxpresso_7.3.0_186/lpcxpresso/tools/bin/../lib/gcc/arm-none-eabi/4.8.4/../../../../arm-none-eabi/lib/armv7-m\libcr_semihost.a(__sys_tmpnam.o)
 .ARM.attributes
                0x00000702       0x21 c:/nxp/lpcxpresso_7.3.0_186/lpcxpresso/tools/bin/../lib/gcc/arm-none-eabi/4.8.4/../../../../arm-none-eabi/lib/armv7-m\libcr_semihost.a(__sys_write.o)

.debug_frame    0x00000000      0x728
 .debug_frame   0x00000000       0xf0 ./src/cr_startup_lpc176x.o
 .debug_frame   0x000000f0       0x84 ./src/easyweb.o
 .debug_frame   0x00000174      0x1a0 ./src/ethmac.o
 .debug_frame   0x00000314       0x84 ./src/ew_systick.o
 .debug_frame   0x00000398      0x354 ./src/tcpip.o
 .debug_frame   0x000006ec       0x3c C:\Users\roney\Documents\LPCXpresso_7.3.0_186\workspace_CMSIS_teste2\CMSISv2p00_LPC17xx\Debug\libCMSISv2p00_LPC17xx.a(system_LPC17xx.o)
