Archive member included because of file (symbol)

/Users/roney/git_lpcxpresso711a/arm_nxp_lpc/CMSISv1p30_LPC11xx/Debug/libCMSISv1p30_LPC11xx.a(system_LPC11xx.o)
                              ./src/cr_startup_lpc11.o (SystemInit)
/Applications/adicionais/lpcxpresso_7.1.1_125/lpcxpresso/tools/bin/../lib/gcc/arm-none-eabi/4.8.3/armv6-m/libcr_eabihelpers.a(division_32.o)
                              ./src/blinky_main.o (__aeabi_uidiv)
/Applications/adicionais/lpcxpresso_7.1.1_125/lpcxpresso/tools/bin/../lib/gcc/arm-none-eabi/4.8.3/armv6-m/libcr_eabihelpers.a(division_idiv0.o)
                              /Applications/adicionais/lpcxpresso_7.1.1_125/lpcxpresso/tools/bin/../lib/gcc/arm-none-eabi/4.8.3/armv6-m/libcr_eabihelpers.a(division_32.o) (__aeabi_idiv0)

Discarded input sections

 .group         0x0000000000000000        0x8 ./src/blinky_main.o
 .group         0x0000000000000000        0x8 ./src/blinky_main.o
 .group         0x0000000000000000        0x8 ./src/blinky_main.o
 .group         0x0000000000000000        0x8 ./src/blinky_main.o
 .group         0x0000000000000000        0x8 ./src/blinky_main.o
 .group         0x0000000000000000        0x8 ./src/blinky_main.o
 .group         0x0000000000000000        0x8 ./src/blinky_main.o
 .group         0x0000000000000000        0x8 ./src/blinky_main.o
 .group         0x0000000000000000        0x8 ./src/blinky_main.o
 .group         0x0000000000000000        0x8 ./src/blinky_main.o
 .text          0x0000000000000000        0x0 ./src/blinky_main.o
 .data          0x0000000000000000        0x0 ./src/blinky_main.o
 .bss           0x0000000000000000        0x0 ./src/blinky_main.o
 .group         0x0000000000000000        0x8 ./src/clkconfig.o
 .group         0x0000000000000000        0x8 ./src/clkconfig.o
 .group         0x0000000000000000        0x8 ./src/clkconfig.o
 .group         0x0000000000000000        0x8 ./src/clkconfig.o
 .group         0x0000000000000000        0x8 ./src/clkconfig.o
 .group         0x0000000000000000        0x8 ./src/clkconfig.o
 .group         0x0000000000000000        0x8 ./src/clkconfig.o
 .group         0x0000000000000000        0x8 ./src/clkconfig.o
 .group         0x0000000000000000        0x8 ./src/clkconfig.o
 .text          0x0000000000000000        0x0 ./src/clkconfig.o
 .data          0x0000000000000000        0x0 ./src/clkconfig.o
 .bss           0x0000000000000000        0x0 ./src/clkconfig.o
 .text.WDT_CLK_Setup
                0x0000000000000000       0x3c ./src/clkconfig.o
 .text.CLKOUT_Setup
                0x0000000000000000       0x2c ./src/clkconfig.o
 .debug_info    0x0000000000000000      0x43d ./src/clkconfig.o
 .debug_abbrev  0x0000000000000000       0xc6 ./src/clkconfig.o
 .debug_loc     0x0000000000000000       0x42 ./src/clkconfig.o
 .debug_aranges
                0x0000000000000000       0x28 ./src/clkconfig.o
 .debug_ranges  0x0000000000000000       0x18 ./src/clkconfig.o
 .debug_macro   0x0000000000000000       0x6b ./src/clkconfig.o
 .debug_macro   0x0000000000000000      0x81a ./src/clkconfig.o
 .debug_macro   0x0000000000000000       0x1c ./src/clkconfig.o
 .debug_macro   0x0000000000000000       0x22 ./src/clkconfig.o
 .debug_macro   0x0000000000000000       0x10 ./src/clkconfig.o
 .debug_macro   0x0000000000000000      0x122 ./src/clkconfig.o
 .debug_macro   0x0000000000000000      0x5b9 ./src/clkconfig.o
 .debug_macro   0x0000000000000000      0x37a ./src/clkconfig.o
 .debug_macro   0x0000000000000000      0x123 ./src/clkconfig.o
 .debug_macro   0x0000000000000000       0x34 ./src/clkconfig.o
 .debug_line    0x0000000000000000      0x1d2 ./src/clkconfig.o
 .debug_str     0x0000000000000000     0x5a42 ./src/clkconfig.o
 .comment       0x0000000000000000       0x71 ./src/clkconfig.o
 .ARM.attributes
                0x0000000000000000       0x31 ./src/clkconfig.o
 .debug_frame   0x0000000000000000       0x30 ./src/clkconfig.o
 .group         0x0000000000000000        0x8 ./src/cr_startup_lpc11.o
 .group         0x0000000000000000        0x8 ./src/cr_startup_lpc11.o
 .group         0x0000000000000000        0x8 ./src/cr_startup_lpc11.o
 .group         0x0000000000000000        0x8 ./src/cr_startup_lpc11.o
 .text          0x0000000000000000        0x0 ./src/cr_startup_lpc11.o
 .data          0x0000000000000000        0x0 ./src/cr_startup_lpc11.o
 .bss           0x0000000000000000        0x0 ./src/cr_startup_lpc11.o
 .debug_macro   0x0000000000000000      0x81a ./src/cr_startup_lpc11.o
 .debug_macro   0x0000000000000000       0x10 ./src/cr_startup_lpc11.o
 .debug_macro   0x0000000000000000      0x122 ./src/cr_startup_lpc11.o
 .debug_macro   0x0000000000000000      0x5b9 ./src/cr_startup_lpc11.o
 .group         0x0000000000000000        0x8 ./src/gpio.o
 .group         0x0000000000000000        0x8 ./src/gpio.o
 .group         0x0000000000000000        0x8 ./src/gpio.o
 .group         0x0000000000000000        0x8 ./src/gpio.o
 .group         0x0000000000000000        0x8 ./src/gpio.o
 .group         0x0000000000000000        0x8 ./src/gpio.o
 .group         0x0000000000000000        0x8 ./src/gpio.o
 .group         0x0000000000000000        0x8 ./src/gpio.o
 .group         0x0000000000000000        0x8 ./src/gpio.o
 .text          0x0000000000000000        0x0 ./src/gpio.o
 .data          0x0000000000000000        0x0 ./src/gpio.o
 .bss           0x0000000000000000        0x0 ./src/gpio.o
 .text.GPIOSetInterrupt
                0x0000000000000000      0x1d0 ./src/gpio.o
 .text.GPIOIntEnable
                0x0000000000000000       0x70 ./src/gpio.o
 .text.GPIOIntDisable
                0x0000000000000000       0x68 ./src/gpio.o
 .text.GPIOIntStatus
                0x0000000000000000       0x70 ./src/gpio.o
 .text.GPIOIntClear
                0x0000000000000000       0x70 ./src/gpio.o
 .debug_macro   0x0000000000000000      0x81a ./src/gpio.o
 .debug_macro   0x0000000000000000       0x1c ./src/gpio.o
 .debug_macro   0x0000000000000000       0x22 ./src/gpio.o
 .debug_macro   0x0000000000000000       0x10 ./src/gpio.o
 .debug_macro   0x0000000000000000      0x122 ./src/gpio.o
 .debug_macro   0x0000000000000000      0x5b9 ./src/gpio.o
 .debug_macro   0x0000000000000000      0x37a ./src/gpio.o
 .debug_macro   0x0000000000000000      0x123 ./src/gpio.o
 .debug_macro   0x0000000000000000       0x22 ./src/gpio.o
 .group         0x0000000000000000        0x8 ./src/timer16.o
 .group         0x0000000000000000        0x8 ./src/timer16.o
 .group         0x0000000000000000        0x8 ./src/timer16.o
 .group         0x0000000000000000        0x8 ./src/timer16.o
 .group         0x0000000000000000        0x8 ./src/timer16.o
 .group         0x0000000000000000        0x8 ./src/timer16.o
 .group         0x0000000000000000        0x8 ./src/timer16.o
 .group         0x0000000000000000        0x8 ./src/timer16.o
 .text          0x0000000000000000        0x0 ./src/timer16.o
 .data          0x0000000000000000        0x0 ./src/timer16.o
 .bss           0x0000000000000000        0x0 ./src/timer16.o
 .text.delay_microseconds
                0x0000000000000000       0x90 ./src/timer16.o
 .text.disable_timer16
                0x0000000000000000       0x1c ./src/timer16.o
 .text.reset_timer16
                0x0000000000000000       0x24 ./src/timer16.o
 .debug_macro   0x0000000000000000      0x81a ./src/timer16.o
 .debug_macro   0x0000000000000000       0x1c ./src/timer16.o
 .debug_macro   0x0000000000000000       0x22 ./src/timer16.o
 .debug_macro   0x0000000000000000       0x10 ./src/timer16.o
 .debug_macro   0x0000000000000000      0x122 ./src/timer16.o
 .debug_macro   0x0000000000000000      0x5b9 ./src/timer16.o
 .debug_macro   0x0000000000000000      0x37a ./src/timer16.o
 .debug_macro   0x0000000000000000      0x123 ./src/timer16.o
 .group         0x0000000000000000        0x8 ./src/timer16_int.o
 .group         0x0000000000000000        0x8 ./src/timer16_int.o
 .group         0x0000000000000000        0x8 ./src/timer16_int.o
 .group         0x0000000000000000        0x8 ./src/timer16_int.o
 .group         0x0000000000000000        0x8 ./src/timer16_int.o
 .group         0x0000000000000000        0x8 ./src/timer16_int.o
 .group         0x0000000000000000        0x8 ./src/timer16_int.o
 .group         0x0000000000000000        0x8 ./src/timer16_int.o
 .text          0x0000000000000000        0x0 ./src/timer16_int.o
 .data          0x0000000000000000        0x0 ./src/timer16_int.o
 .bss           0x0000000000000000        0x0 ./src/timer16_int.o
 .debug_macro   0x0000000000000000      0x81a ./src/timer16_int.o
 .debug_macro   0x0000000000000000       0x1c ./src/timer16_int.o
 .debug_macro   0x0000000000000000       0x22 ./src/timer16_int.o
 .debug_macro   0x0000000000000000       0x10 ./src/timer16_int.o
 .debug_macro   0x0000000000000000      0x122 ./src/timer16_int.o
 .debug_macro   0x0000000000000000      0x5b9 ./src/timer16_int.o
 .debug_macro   0x0000000000000000      0x37a ./src/timer16_int.o
 .debug_macro   0x0000000000000000      0x123 ./src/timer16_int.o
 .group         0x0000000000000000        0x8 /Users/roney/git_lpcxpresso711a/arm_nxp_lpc/CMSISv1p30_LPC11xx/Debug/libCMSISv1p30_LPC11xx.a(system_LPC11xx.o)
 .group         0x0000000000000000        0x8 /Users/roney/git_lpcxpresso711a/arm_nxp_lpc/CMSISv1p30_LPC11xx/Debug/libCMSISv1p30_LPC11xx.a(system_LPC11xx.o)
 .group         0x0000000000000000        0x8 /Users/roney/git_lpcxpresso711a/arm_nxp_lpc/CMSISv1p30_LPC11xx/Debug/libCMSISv1p30_LPC11xx.a(system_LPC11xx.o)
 .group         0x0000000000000000        0x8 /Users/roney/git_lpcxpresso711a/arm_nxp_lpc/CMSISv1p30_LPC11xx/Debug/libCMSISv1p30_LPC11xx.a(system_LPC11xx.o)
 .group         0x0000000000000000        0x8 /Users/roney/git_lpcxpresso711a/arm_nxp_lpc/CMSISv1p30_LPC11xx/Debug/libCMSISv1p30_LPC11xx.a(system_LPC11xx.o)
 .group         0x0000000000000000        0x8 /Users/roney/git_lpcxpresso711a/arm_nxp_lpc/CMSISv1p30_LPC11xx/Debug/libCMSISv1p30_LPC11xx.a(system_LPC11xx.o)
 .group         0x0000000000000000        0x8 /Users/roney/git_lpcxpresso711a/arm_nxp_lpc/CMSISv1p30_LPC11xx/Debug/libCMSISv1p30_LPC11xx.a(system_LPC11xx.o)
 .text          0x0000000000000000        0x0 /Users/roney/git_lpcxpresso711a/arm_nxp_lpc/CMSISv1p30_LPC11xx/Debug/libCMSISv1p30_LPC11xx.a(system_LPC11xx.o)
 .bss           0x0000000000000000        0x0 /Users/roney/git_lpcxpresso711a/arm_nxp_lpc/CMSISv1p30_LPC11xx/Debug/libCMSISv1p30_LPC11xx.a(system_LPC11xx.o)
 .text.SystemCoreClockUpdate
                0x0000000000000000      0x1bc /Users/roney/git_lpcxpresso711a/arm_nxp_lpc/CMSISv1p30_LPC11xx/Debug/libCMSISv1p30_LPC11xx.a(system_LPC11xx.o)
 .rodata        0x0000000000000000       0x40 /Users/roney/git_lpcxpresso711a/arm_nxp_lpc/CMSISv1p30_LPC11xx/Debug/libCMSISv1p30_LPC11xx.a(system_LPC11xx.o)
 .debug_macro   0x0000000000000000       0x10 /Users/roney/git_lpcxpresso711a/arm_nxp_lpc/CMSISv1p30_LPC11xx/Debug/libCMSISv1p30_LPC11xx.a(system_LPC11xx.o)
 .debug_macro   0x0000000000000000      0x122 /Users/roney/git_lpcxpresso711a/arm_nxp_lpc/CMSISv1p30_LPC11xx/Debug/libCMSISv1p30_LPC11xx.a(system_LPC11xx.o)
 .debug_macro   0x0000000000000000      0x5b9 /Users/roney/git_lpcxpresso711a/arm_nxp_lpc/CMSISv1p30_LPC11xx/Debug/libCMSISv1p30_LPC11xx.a(system_LPC11xx.o)
 .debug_macro   0x0000000000000000       0x1c /Users/roney/git_lpcxpresso711a/arm_nxp_lpc/CMSISv1p30_LPC11xx/Debug/libCMSISv1p30_LPC11xx.a(system_LPC11xx.o)
 .debug_macro   0x0000000000000000      0x123 /Users/roney/git_lpcxpresso711a/arm_nxp_lpc/CMSISv1p30_LPC11xx/Debug/libCMSISv1p30_LPC11xx.a(system_LPC11xx.o)
 .text          0x0000000000000000        0x0 /Applications/adicionais/lpcxpresso_7.1.1_125/lpcxpresso/tools/bin/../lib/gcc/arm-none-eabi/4.8.3/armv6-m/libcr_eabihelpers.a(division_32.o)
 .data          0x0000000000000000        0x0 /Applications/adicionais/lpcxpresso_7.1.1_125/lpcxpresso/tools/bin/../lib/gcc/arm-none-eabi/4.8.3/armv6-m/libcr_eabihelpers.a(division_32.o)
 .bss           0x0000000000000000        0x0 /Applications/adicionais/lpcxpresso_7.1.1_125/lpcxpresso/tools/bin/../lib/gcc/arm-none-eabi/4.8.3/armv6-m/libcr_eabihelpers.a(division_32.o)
 .text          0x0000000000000000        0x0 /Applications/adicionais/lpcxpresso_7.1.1_125/lpcxpresso/tools/bin/../lib/gcc/arm-none-eabi/4.8.3/armv6-m/libcr_eabihelpers.a(division_idiv0.o)
 .data          0x0000000000000000        0x0 /Applications/adicionais/lpcxpresso_7.1.1_125/lpcxpresso/tools/bin/../lib/gcc/arm-none-eabi/4.8.3/armv6-m/libcr_eabihelpers.a(division_idiv0.o)
 .bss           0x0000000000000000        0x0 /Applications/adicionais/lpcxpresso_7.1.1_125/lpcxpresso/tools/bin/../lib/gcc/arm-none-eabi/4.8.3/armv6-m/libcr_eabihelpers.a(division_idiv0.o)

Memory Configuration

Name             Origin             Length             Attributes
MFlash32         0x0000000000000000 0x0000000000008000 xr
RamLoc8          0x0000000010000000 0x0000000000002000 xrw
*default*        0x0000000000000000 0xffffffffffffffff

Linker script and memory map

LOAD ./src/blinky_main.o
LOAD ./src/clkconfig.o
LOAD ./src/cr_startup_lpc11.o
LOAD ./src/gpio.o
LOAD ./src/timer16.o
LOAD ./src/timer16_int.o
LOAD /Users/roney/git_lpcxpresso711a/arm_nxp_lpc/CMSISv1p30_LPC11xx/Debug/libCMSISv1p30_LPC11xx.a
START GROUP
LOAD /Applications/adicionais/lpcxpresso_7.1.1_125/lpcxpresso/tools/bin/../lib/gcc/arm-none-eabi/4.8.3/../../../../arm-none-eabi/lib/armv6-m/libcr_semihost.a
LOAD /Applications/adicionais/lpcxpresso_7.1.1_125/lpcxpresso/tools/bin/../lib/gcc/arm-none-eabi/4.8.3/../../../../arm-none-eabi/lib/armv6-m/libcr_c.a
LOAD /Applications/adicionais/lpcxpresso_7.1.1_125/lpcxpresso/tools/bin/../lib/gcc/arm-none-eabi/4.8.3/armv6-m/libcr_eabihelpers.a
END GROUP
                0x0000000000008000                __top_MFlash32 = 0x8000
                0x0000000010002000                __top_RamLoc8 = 0x10002000

.text           0x0000000000000000      0x598
 FILL mask 0xff
                0x0000000000000000                __vectors_start__ = ABSOLUTE (.)
 *(.isr_vector)
 .isr_vector    0x0000000000000000       0xc0 ./src/cr_startup_lpc11.o
                0x0000000000000000                g_pfnVectors
                0x00000000000000c0                . = ALIGN (0x4)
                0x00000000000000c0                __section_table_start = .
                0x00000000000000c0                __data_section_table = .
                0x00000000000000c0        0x4 LONG 0x598 LOADADDR (.data)
                0x00000000000000c4        0x4 LONG 0x10000000 ADDR (.data)
                0x00000000000000c8        0x4 LONG 0x4 SIZEOF (.data)
                0x00000000000000cc                __data_section_table_end = .
                0x00000000000000cc                __bss_section_table = .
                0x00000000000000cc        0x4 LONG 0x10000004 ADDR (.bss)
                0x00000000000000d0        0x4 LONG 0x8 SIZEOF (.bss)
                0x00000000000000d4                __bss_section_table_end = .
                0x00000000000000d4                __section_table_end = .
 *(.after_vectors*)
 *(.text*)
 .text.main     0x00000000000000d4       0x9c ./src/blinky_main.o
                0x00000000000000d4                main
 .text.NMI_Handler
                0x0000000000000170        0x4 ./src/cr_startup_lpc11.o
                0x0000000000000170                NMI_Handler
 .text.HardFault_Handler
                0x0000000000000174        0x4 ./src/cr_startup_lpc11.o
                0x0000000000000174                HardFault_Handler
 .text.SVCall_Handler
                0x0000000000000178        0x4 ./src/cr_startup_lpc11.o
                0x0000000000000178                SVCall_Handler
 .text.PendSV_Handler
                0x000000000000017c        0x4 ./src/cr_startup_lpc11.o
                0x000000000000017c                PendSV_Handler
 .text.SysTick_Handler
                0x0000000000000180        0x4 ./src/cr_startup_lpc11.o
                0x0000000000000180                SysTick_Handler
 .text.IntDefaultHandler
                0x0000000000000184        0x4 ./src/cr_startup_lpc11.o
                0x0000000000000184                FMC_IRQHandler
                0x0000000000000184                TIMER32_0_IRQHandler
                0x0000000000000184                TIMER32_1_IRQHandler
                0x0000000000000184                IntDefaultHandler
                0x0000000000000184                PIOINT1_IRQHandler
                0x0000000000000184                SSP_IRQHandler
                0x0000000000000184                USB_FIQHandler
                0x0000000000000184                ADC_IRQHandler
                0x0000000000000184                PIOINT2_IRQHandler
                0x0000000000000184                USB_IRQHandler
                0x0000000000000184                BOD_IRQHandler
                0x0000000000000184                WAKEUP_IRQHandler
                0x0000000000000184                PIOINT0_IRQHandler
                0x0000000000000184                I2C_IRQHandler
                0x0000000000000184                WDT_IRQHandler
                0x0000000000000184                PIOINT3_IRQHandler
                0x0000000000000184                UART_IRQHandler
 .text.Reset_Handler
                0x0000000000000188       0x54 ./src/cr_startup_lpc11.o
                0x0000000000000188                Reset_Handler
                0x0000000000000188                ResetISR
 .text.GPIOInit
                0x00000000000001dc       0x30 ./src/gpio.o
                0x00000000000001dc                GPIOInit
 .text.GPIOSetDir
                0x000000000000020c      0x12c ./src/gpio.o
                0x000000000000020c                GPIOSetDir
 .text.GPIOSetValue
                0x0000000000000338       0x5c ./src/gpio.o
                0x0000000000000338                GPIOSetValue
 .text.enable_timer16
                0x0000000000000394       0x1c ./src/timer16.o
                0x0000000000000394                enable_timer16
 .text.init_timer16
                0x00000000000003b0       0xb0 ./src/timer16.o
                0x00000000000003b0                init_timer16
 .text.TIMER16_0_IRQHandler
                0x0000000000000460       0x18 ./src/timer16_int.o
                0x0000000000000460                TIMER16_0_IRQHandler
 .text.TIMER16_1_IRQHandler
                0x0000000000000478       0x18 ./src/timer16_int.o
                0x0000000000000478                TIMER16_1_IRQHandler
 .text.SystemInit
                0x0000000000000490       0x8c /Users/roney/git_lpcxpresso711a/arm_nxp_lpc/CMSISv1p30_LPC11xx/Debug/libCMSISv1p30_LPC11xx.a(system_LPC11xx.o)
                0x0000000000000490                SystemInit
 .text.__aeabi_division_idivmod
                0x000000000000051c       0x78 /Applications/adicionais/lpcxpresso_7.1.1_125/lpcxpresso/tools/bin/../lib/gcc/arm-none-eabi/4.8.3/armv6-m/libcr_eabihelpers.a(division_32.o)
                0x000000000000051c                __aeabi_idiv
                0x000000000000051c                __aeabi_idivmod
                0x0000000000000522                __aeabi_uidiv
                0x0000000000000522                __aeabi_uidivmod
 .text.__aeabi_division_idiv0
                0x0000000000000594        0x2 /Applications/adicionais/lpcxpresso_7.1.1_125/lpcxpresso/tools/bin/../lib/gcc/arm-none-eabi/4.8.3/armv6-m/libcr_eabihelpers.a(division_idiv0.o)
                0x0000000000000594                __aeabi_idiv0
 *(.rodata .rodata.* .constdata .constdata.*)
                0x0000000000000598                . = ALIGN (0x4)
 *fill*         0x0000000000000596        0x2 ff

.glue_7         0x0000000000000598        0x0
 .glue_7        0x0000000000000000        0x0 linker stubs

.glue_7t        0x0000000000000598        0x0
 .glue_7t       0x0000000000000000        0x0 linker stubs

.vfp11_veneer   0x0000000000000598        0x0
 .vfp11_veneer  0x0000000000000000        0x0 linker stubs

.v4_bx          0x0000000000000598        0x0
 .v4_bx         0x0000000000000000        0x0 linker stubs

.iplt           0x0000000000000598        0x0
 .iplt          0x0000000000000000        0x0 ./src/blinky_main.o

.rel.dyn        0x0000000000000598        0x0
 .rel.iplt      0x0000000000000000        0x0 ./src/blinky_main.o

.ARM.extab
 *(.ARM.extab* .gnu.linkonce.armextab.*)
                0x0000000000000598                __exidx_start = .

.ARM.exidx
 *(.ARM.exidx* .gnu.linkonce.armexidx.*)
                0x0000000000000598                __exidx_end = .
                0x0000000000000598                _etext = .

.uninit_RESERVED
                0x0000000010000000        0x0
 *(.bss.$RESERVED*)
                0x0000000010000000                . = ALIGN (0x4)
                0x0000000010000000                _end_uninit_RESERVED = .

.data           0x0000000010000000        0x4 load address 0x0000000000000598
 FILL mask 0xff
                0x0000000010000000                _data = .
 *(vtable)
 *(.ramfunc*)
 *(.data*)
 .data          0x0000000010000000        0x4 /Users/roney/git_lpcxpresso711a/arm_nxp_lpc/CMSISv1p30_LPC11xx/Debug/libCMSISv1p30_LPC11xx.a(system_LPC11xx.o)
                0x0000000010000000                SystemCoreClock
                0x0000000010000004                . = ALIGN (0x4)
                0x0000000010000004                _edata = .

.igot.plt       0x0000000010000004        0x0 load address 0x000000000000059c
 .igot.plt      0x0000000000000000        0x0 ./src/blinky_main.o

.bss            0x0000000010000004        0x8 load address 0x000000000000059c
                0x0000000010000004                _bss = .
 *(.bss*)
 .bss.timer16_0_counter
                0x0000000010000004        0x4 ./src/timer16_int.o
                0x0000000010000004                timer16_0_counter
 .bss.timer16_1_counter
                0x0000000010000008        0x4 ./src/timer16_int.o
                0x0000000010000008                timer16_1_counter
 *(COMMON)
                0x000000001000000c                . = ALIGN (0x4)
                0x000000001000000c                _ebss = .
                0x000000001000000c                PROVIDE (end, .)

.noinit         0x000000001000000c        0x0 load address 0x000000000000059c
                0x000000001000000c                _noinit = .
 *(.noinit*)
                0x000000001000000c                . = ALIGN (0x4)
                0x000000001000000c                _end_noinit = .
                0x000000001000000c                PROVIDE (_pvHeapStart, .)
                0x0000000010002000                PROVIDE (_vStackTop, (__top_RamLoc8 - 0x0))
OUTPUT(LPCXpresso1114_blinky.axf elf32-littlearm)

.debug_info     0x0000000000000000     0x2066
 .debug_info    0x0000000000000000      0x514 ./src/blinky_main.o
 .debug_info    0x0000000000000514      0x1b6 ./src/cr_startup_lpc11.o
 .debug_info    0x00000000000006ca      0x911 ./src/gpio.o
 .debug_info    0x0000000000000fdb      0xa3e ./src/timer16.o
 .debug_info    0x0000000000001a19      0x1df ./src/timer16_int.o
 .debug_info    0x0000000000001bf8      0x46e /Users/roney/git_lpcxpresso711a/arm_nxp_lpc/CMSISv1p30_LPC11xx/Debug/libCMSISv1p30_LPC11xx.a(system_LPC11xx.o)

.debug_abbrev   0x0000000000000000      0x7b1
 .debug_abbrev  0x0000000000000000      0x11d ./src/blinky_main.o
 .debug_abbrev  0x000000000000011d       0xfc ./src/cr_startup_lpc11.o
 .debug_abbrev  0x0000000000000219      0x22f ./src/gpio.o
 .debug_abbrev  0x0000000000000448      0x1aa ./src/timer16.o
 .debug_abbrev  0x00000000000005f2       0xbb ./src/timer16_int.o
 .debug_abbrev  0x00000000000006ad      0x104 /Users/roney/git_lpcxpresso711a/arm_nxp_lpc/CMSISv1p30_LPC11xx/Debug/libCMSISv1p30_LPC11xx.a(system_LPC11xx.o)

.debug_aranges  0x0000000000000000      0x158
 .debug_aranges
                0x0000000000000000       0x20 ./src/blinky_main.o
 .debug_aranges
                0x0000000000000020       0x50 ./src/cr_startup_lpc11.o
 .debug_aranges
                0x0000000000000070       0x58 ./src/gpio.o
 .debug_aranges
                0x00000000000000c8       0x40 ./src/timer16.o
 .debug_aranges
                0x0000000000000108       0x28 ./src/timer16_int.o
 .debug_aranges
                0x0000000000000130       0x28 /Users/roney/git_lpcxpresso711a/arm_nxp_lpc/CMSISv1p30_LPC11xx/Debug/libCMSISv1p30_LPC11xx.a(system_LPC11xx.o)

.debug_ranges   0x0000000000000000       0xf8
 .debug_ranges  0x0000000000000000       0x10 ./src/blinky_main.o
 .debug_ranges  0x0000000000000010       0x40 ./src/cr_startup_lpc11.o
 .debug_ranges  0x0000000000000050       0x48 ./src/gpio.o
 .debug_ranges  0x0000000000000098       0x30 ./src/timer16.o
 .debug_ranges  0x00000000000000c8       0x18 ./src/timer16_int.o
 .debug_ranges  0x00000000000000e0       0x18 /Users/roney/git_lpcxpresso711a/arm_nxp_lpc/CMSISv1p30_LPC11xx/Debug/libCMSISv1p30_LPC11xx.a(system_LPC11xx.o)

.debug_macro    0x0000000000000000     0x2331
 .debug_macro   0x0000000000000000       0x96 ./src/blinky_main.o
 .debug_macro   0x0000000000000096      0x81a ./src/blinky_main.o
 .debug_macro   0x00000000000008b0       0x1c ./src/blinky_main.o
 .debug_macro   0x00000000000008cc       0x22 ./src/blinky_main.o
 .debug_macro   0x00000000000008ee       0x10 ./src/blinky_main.o
 .debug_macro   0x00000000000008fe      0x122 ./src/blinky_main.o
 .debug_macro   0x0000000000000a20      0x5b9 ./src/blinky_main.o
 .debug_macro   0x0000000000000fd9      0x37a ./src/blinky_main.o
 .debug_macro   0x0000000000001353      0x123 ./src/blinky_main.o
 .debug_macro   0x0000000000001476       0x34 ./src/blinky_main.o
 .debug_macro   0x00000000000014aa       0x22 ./src/blinky_main.o
 .debug_macro   0x00000000000014cc       0x52 ./src/cr_startup_lpc11.o
 .debug_macro   0x000000000000151e       0x6b ./src/gpio.o
 .debug_macro   0x0000000000001589       0x6c ./src/timer16.o
 .debug_macro   0x00000000000015f5       0x6c ./src/timer16_int.o
 .debug_macro   0x0000000000001661      0x124 /Users/roney/git_lpcxpresso711a/arm_nxp_lpc/CMSISv1p30_LPC11xx/Debug/libCMSISv1p30_LPC11xx.a(system_LPC11xx.o)
 .debug_macro   0x0000000000001785      0x814 /Users/roney/git_lpcxpresso711a/arm_nxp_lpc/CMSISv1p30_LPC11xx/Debug/libCMSISv1p30_LPC11xx.a(system_LPC11xx.o)
 .debug_macro   0x0000000000001f99      0x398 /Users/roney/git_lpcxpresso711a/arm_nxp_lpc/CMSISv1p30_LPC11xx/Debug/libCMSISv1p30_LPC11xx.a(system_LPC11xx.o)

.debug_line     0x0000000000000000      0xcbd
 .debug_line    0x0000000000000000      0x1db ./src/blinky_main.o
 .debug_line    0x00000000000001db      0x206 ./src/cr_startup_lpc11.o
 .debug_line    0x00000000000003e1      0x2c8 ./src/gpio.o
 .debug_line    0x00000000000006a9      0x23d ./src/timer16.o
 .debug_line    0x00000000000008e6      0x1bb ./src/timer16_int.o
 .debug_line    0x0000000000000aa1      0x21c /Users/roney/git_lpcxpresso711a/arm_nxp_lpc/CMSISv1p30_LPC11xx/Debug/libCMSISv1p30_LPC11xx.a(system_LPC11xx.o)

.debug_str      0x0000000000000000     0x64d0
 .debug_str     0x0000000000000000     0x5a6f ./src/blinky_main.o
                                       0x5aed (size before relaxing)
 .debug_str     0x0000000000005a6f      0x126 ./src/cr_startup_lpc11.o
                                       0x3b4e (size before relaxing)
 .debug_str     0x0000000000005b95      0x297 ./src/gpio.o
                                       0x5c44 (size before relaxing)
 .debug_str     0x0000000000005e2c      0x1f6 ./src/timer16.o
                                       0x5d8b (size before relaxing)
 .debug_str     0x0000000000006022       0x51 ./src/timer16_int.o
                                       0x577e (size before relaxing)
 .debug_str     0x0000000000006073      0x45d /Users/roney/git_lpcxpresso711a/arm_nxp_lpc/CMSISv1p30_LPC11xx/Debug/libCMSISv1p30_LPC11xx.a(system_LPC11xx.o)
                                       0x5cc1 (size before relaxing)

.comment        0x0000000000000000       0x70
 .comment       0x0000000000000000       0x70 ./src/blinky_main.o
                                         0x71 (size before relaxing)
 .comment       0x0000000000000000       0x71 ./src/cr_startup_lpc11.o
 .comment       0x0000000000000000       0x71 ./src/gpio.o
 .comment       0x0000000000000000       0x71 ./src/timer16.o
 .comment       0x0000000000000000       0x71 ./src/timer16_int.o
 .comment       0x0000000000000000       0x71 /Users/roney/git_lpcxpresso711a/arm_nxp_lpc/CMSISv1p30_LPC11xx/Debug/libCMSISv1p30_LPC11xx.a(system_LPC11xx.o)

.ARM.attributes
                0x0000000000000000       0x2f
 .ARM.attributes
                0x0000000000000000       0x31 ./src/blinky_main.o
 .ARM.attributes
                0x0000000000000031       0x31 ./src/cr_startup_lpc11.o
 .ARM.attributes
                0x0000000000000062       0x31 ./src/gpio.o
 .ARM.attributes
                0x0000000000000093       0x31 ./src/timer16.o
 .ARM.attributes
                0x00000000000000c4       0x31 ./src/timer16_int.o
 .ARM.attributes
                0x00000000000000f5       0x31 /Users/roney/git_lpcxpresso711a/arm_nxp_lpc/CMSISv1p30_LPC11xx/Debug/libCMSISv1p30_LPC11xx.a(system_LPC11xx.o)
 .ARM.attributes
                0x0000000000000126       0x21 /Applications/adicionais/lpcxpresso_7.1.1_125/lpcxpresso/tools/bin/../lib/gcc/arm-none-eabi/4.8.3/armv6-m/libcr_eabihelpers.a(division_32.o)
 .ARM.attributes
                0x0000000000000147       0x21 /Applications/adicionais/lpcxpresso_7.1.1_125/lpcxpresso/tools/bin/../lib/gcc/arm-none-eabi/4.8.3/armv6-m/libcr_eabihelpers.a(division_idiv0.o)

.debug_frame    0x0000000000000000      0x244
 .debug_frame   0x0000000000000000       0x2c ./src/blinky_main.o
 .debug_frame   0x000000000000002c       0x88 ./src/cr_startup_lpc11.o
 .debug_frame   0x00000000000000b4       0xb4 ./src/gpio.o
 .debug_frame   0x0000000000000168       0x74 ./src/timer16.o
 .debug_frame   0x00000000000001dc       0x30 ./src/timer16_int.o
 .debug_frame   0x000000000000020c       0x38 /Users/roney/git_lpcxpresso711a/arm_nxp_lpc/CMSISv1p30_LPC11xx/Debug/libCMSISv1p30_LPC11xx.a(system_LPC11xx.o)

.debug_loc      0x0000000000000000      0xc28
 .debug_loc     0x0000000000000000       0x4b ./src/cr_startup_lpc11.o
 .debug_loc     0x000000000000004b      0x96d ./src/gpio.o
 .debug_loc     0x00000000000009b8      0x120 ./src/timer16.o
 .debug_loc     0x0000000000000ad8      0x150 /Users/roney/git_lpcxpresso711a/arm_nxp_lpc/CMSISv1p30_LPC11xx/Debug/libCMSISv1p30_LPC11xx.a(system_LPC11xx.o)
